Archive member included to satisfy reference by file (symbol)

/usr/share/gcc-arm-none-eabi-10.3-2021.10/bin/../lib/gcc/arm-none-eabi/10.3.1/../../../../arm-none-eabi/lib/thumb/v7e-m+fp/hard/libc.a(lib_a-exit.o)
                              /usr/share/gcc-arm-none-eabi-10.3-2021.10/bin/../lib/gcc/arm-none-eabi/10.3.1/../../../../arm-none-eabi/lib/thumb/v7e-m+fp/hard/crt0.o (exit)
/usr/share/gcc-arm-none-eabi-10.3-2021.10/bin/../lib/gcc/arm-none-eabi/10.3.1/../../../../arm-none-eabi/lib/thumb/v7e-m+fp/hard/libc.a(lib_a-impure.o)
                              /usr/share/gcc-arm-none-eabi-10.3-2021.10/bin/../lib/gcc/arm-none-eabi/10.3.1/../../../../arm-none-eabi/lib/thumb/v7e-m+fp/hard/libc.a(lib_a-exit.o) (_global_impure_ptr)
/usr/share/gcc-arm-none-eabi-10.3-2021.10/bin/../lib/gcc/arm-none-eabi/10.3.1/../../../../arm-none-eabi/lib/thumb/v7e-m+fp/hard/libc.a(lib_a-init.o)
                              /usr/share/gcc-arm-none-eabi-10.3-2021.10/bin/../lib/gcc/arm-none-eabi/10.3.1/../../../../arm-none-eabi/lib/thumb/v7e-m+fp/hard/crt0.o (__libc_init_array)
/usr/share/gcc-arm-none-eabi-10.3-2021.10/bin/../lib/gcc/arm-none-eabi/10.3.1/../../../../arm-none-eabi/lib/thumb/v7e-m+fp/hard/libc.a(lib_a-memset.o)
                              /usr/share/gcc-arm-none-eabi-10.3-2021.10/bin/../lib/gcc/arm-none-eabi/10.3.1/../../../../arm-none-eabi/lib/thumb/v7e-m+fp/hard/crt0.o (memset)
/usr/share/gcc-arm-none-eabi-10.3-2021.10/bin/../lib/gcc/arm-none-eabi/10.3.1/../../../../arm-none-eabi/lib/thumb/v7e-m+fp/hard/libc.a(lib_a-__call_atexit.o)
                              /usr/share/gcc-arm-none-eabi-10.3-2021.10/bin/../lib/gcc/arm-none-eabi/10.3.1/../../../../arm-none-eabi/lib/thumb/v7e-m+fp/hard/libc.a(lib_a-exit.o) (__call_exitprocs)
/usr/share/gcc-arm-none-eabi-10.3-2021.10/bin/../lib/gcc/arm-none-eabi/10.3.1/../../../../arm-none-eabi/lib/thumb/v7e-m+fp/hard/libc.a(lib_a-atexit.o)
                              /usr/share/gcc-arm-none-eabi-10.3-2021.10/bin/../lib/gcc/arm-none-eabi/10.3.1/../../../../arm-none-eabi/lib/thumb/v7e-m+fp/hard/libc.a(lib_a-__call_atexit.o) (atexit)
/usr/share/gcc-arm-none-eabi-10.3-2021.10/bin/../lib/gcc/arm-none-eabi/10.3.1/../../../../arm-none-eabi/lib/thumb/v7e-m+fp/hard/libc.a(lib_a-fini.o)
                              /usr/share/gcc-arm-none-eabi-10.3-2021.10/bin/../lib/gcc/arm-none-eabi/10.3.1/../../../../arm-none-eabi/lib/thumb/v7e-m+fp/hard/libc.a(lib_a-__call_atexit.o) (__libc_fini_array)
/usr/share/gcc-arm-none-eabi-10.3-2021.10/bin/../lib/gcc/arm-none-eabi/10.3.1/../../../../arm-none-eabi/lib/thumb/v7e-m+fp/hard/libc.a(lib_a-lock.o)
                              /usr/share/gcc-arm-none-eabi-10.3-2021.10/bin/../lib/gcc/arm-none-eabi/10.3.1/../../../../arm-none-eabi/lib/thumb/v7e-m+fp/hard/libc.a(lib_a-__call_atexit.o) (__retarget_lock_acquire_recursive)
/usr/share/gcc-arm-none-eabi-10.3-2021.10/bin/../lib/gcc/arm-none-eabi/10.3.1/../../../../arm-none-eabi/lib/thumb/v7e-m+fp/hard/libc.a(lib_a-__atexit.o)
                              /usr/share/gcc-arm-none-eabi-10.3-2021.10/bin/../lib/gcc/arm-none-eabi/10.3.1/../../../../arm-none-eabi/lib/thumb/v7e-m+fp/hard/libc.a(lib_a-atexit.o) (__register_exitproc)
/usr/share/gcc-arm-none-eabi-10.3-2021.10/bin/../lib/gcc/arm-none-eabi/10.3.1/thumb/v7e-m+fp/hard/libgcc.a(_aeabi_uldivmod.o)
                              CMakeFiles/robot-platform.elf.dir/generated/Drivers/STM32F4xx_HAL_Driver/Src/stm32f4xx_hal_rcc_ex.c.obj (__aeabi_uldivmod)
/usr/share/gcc-arm-none-eabi-10.3-2021.10/bin/../lib/gcc/arm-none-eabi/10.3.1/thumb/v7e-m+fp/hard/libgcc.a(_udivmoddi4.o)
                              /usr/share/gcc-arm-none-eabi-10.3-2021.10/bin/../lib/gcc/arm-none-eabi/10.3.1/thumb/v7e-m+fp/hard/libgcc.a(_aeabi_uldivmod.o) (__udivmoddi4)
/usr/share/gcc-arm-none-eabi-10.3-2021.10/bin/../lib/gcc/arm-none-eabi/10.3.1/thumb/v7e-m+fp/hard/libgcc.a(_dvmd_tls.o)
                              /usr/share/gcc-arm-none-eabi-10.3-2021.10/bin/../lib/gcc/arm-none-eabi/10.3.1/thumb/v7e-m+fp/hard/libgcc.a(_aeabi_uldivmod.o) (__aeabi_ldiv0)
/usr/share/gcc-arm-none-eabi-10.3-2021.10/bin/../lib/gcc/arm-none-eabi/10.3.1/../../../../arm-none-eabi/lib/thumb/v7e-m+fp/hard/libg.a(lib_a-memcpy.o)
                              CMakeFiles/robot-platform.elf.dir/generated/Middlewares/Third_Party/FreeRTOS/Source/CMSIS_RTOS_V2/cmsis_os2.c.obj (memcpy)
/usr/share/gcc-arm-none-eabi-10.3-2021.10/bin/../lib/gcc/arm-none-eabi/10.3.1/../../../../arm-none-eabi/lib/thumb/v7e-m+fp/hard/libnosys.a(_exit.o)
                              /usr/share/gcc-arm-none-eabi-10.3-2021.10/bin/../lib/gcc/arm-none-eabi/10.3.1/../../../../arm-none-eabi/lib/thumb/v7e-m+fp/hard/libc.a(lib_a-exit.o) (_exit)

Discarded input sections

 .group         0x0000000000000000        0xc CMakeFiles/robot-platform.elf.dir/main.c.obj
 .group         0x0000000000000000        0xc CMakeFiles/robot-platform.elf.dir/main.c.obj
 .group         0x0000000000000000        0xc CMakeFiles/robot-platform.elf.dir/main.c.obj
[...]
Memory Configuration

Name             Origin             Length             Attributes
RAM              0x0000000020000000 0x0000000000020000 xrw
FLASH            0x0000000008000000 0x0000000000080000 xr
*default*        0x0000000000000000 0xffffffffffffffff

Linker script and memory map

LOAD /usr/share/gcc-arm-none-eabi-10.3-2021.10/bin/../lib/gcc/arm-none-eabi/10.3.1/thumb/v7e-m+fp/hard/crti.o
LOAD /usr/share/gcc-arm-none-eabi-10.3-2021.10/bin/../lib/gcc/arm-none-eabi/10.3.1/thumb/v7e-m+fp/hard/crtbegin.o
LOAD /usr/share/gcc-arm-none-eabi-10.3-2021.10/bin/../lib/gcc/arm-none-eabi/10.3.1/../../../../arm-none-eabi/lib/thumb/v7e-m+fp/hard/crt0.o
START GROUP
LOAD /usr/share/gcc-arm-none-eabi-10.3-2021.10/bin/../lib/gcc/arm-none-eabi/10.3.1/../../../../arm-none-eabi/lib/thumb/v7e-m+fp/hard/libc.a
LOAD /usr/share/gcc-arm-none-eabi-10.3-2021.10/bin/../lib/gcc/arm-none-eabi/10.3.1/../../../../arm-none-eabi/lib/thumb/v7e-m+fp/hard/libm.a
LOAD /usr/share/gcc-arm-none-eabi-10.3-2021.10/bin/../lib/gcc/arm-none-eabi/10.3.1/../../../../arm-none-eabi/lib/thumb/v7e-m+fp/hard/libstdc++.a
LOAD /usr/share/gcc-arm-none-eabi-10.3-2021.10/bin/../lib/gcc/arm-none-eabi/10.3.1/../../../../arm-none-eabi/lib/thumb/v7e-m+fp/hard/libsupc++.a
END GROUP
LOAD CMakeFiles/robot-platform.elf.dir/main.c.obj
LOAD CMakeFiles/robot-platform.elf.dir/generated/Core/Src/freertos.c.obj
LOAD CMakeFiles/robot-platform.elf.dir/generated/Core/Src/gpio.c.obj
LOAD CMakeFiles/robot-platform.elf.dir/generated/Core/Src/i2c.c.obj
LOAD CMakeFiles/robot-platform.elf.dir/generated/Core/Src/sdio.c.obj
LOAD CMakeFiles/robot-platform.elf.dir/generated/Core/Src/spi.c.obj
LOAD CMakeFiles/robot-platform.elf.dir/generated/Core/Src/tim.c.obj
LOAD CMakeFiles/robot-platform.elf.dir/generated/Core/Src/usart.c.obj
LOAD CMakeFiles/robot-platform.elf.dir/generated/Core/Src/stm32f4xx_hal_msp.c.obj
LOAD CMakeFiles/robot-platform.elf.dir/generated/Core/Src/stm32f4xx_hal_timebase_tim.c.obj
LOAD CMakeFiles/robot-platform.elf.dir/generated/Core/Src/stm32f4xx_it.c.obj
LOAD CMakeFiles/robot-platform.elf.dir/generated/Core/Src/system_stm32f4xx.c.obj
LOAD CMakeFiles/robot-platform.elf.dir/generated/startup_stm32f446xx.s.obj
LOAD CMakeFiles/robot-platform.elf.dir/generated/Drivers/STM32F4xx_HAL_Driver/Src/stm32f4xx_hal.c.obj
LOAD CMakeFiles/robot-platform.elf.dir/generated/Drivers/STM32F4xx_HAL_Driver/Src/stm32f4xx_hal_gpio.c.obj
LOAD CMakeFiles/robot-platform.elf.dir/generated/Drivers/STM32F4xx_HAL_Driver/Src/stm32f4xx_ll_gpio.c.obj
LOAD CMakeFiles/robot-platform.elf.dir/generated/Drivers/STM32F4xx_HAL_Driver/Src/stm32f4xx_hal_i2c.c.obj
LOAD CMakeFiles/robot-platform.elf.dir/generated/Drivers/STM32F4xx_HAL_Driver/Src/stm32f4xx_hal_i2c_ex.c.obj
LOAD CMakeFiles/robot-platform.elf.dir/generated/Drivers/STM32F4xx_HAL_Driver/Src/stm32f4xx_hal_spi.c.obj
LOAD CMakeFiles/robot-platform.elf.dir/generated/Drivers/STM32F4xx_HAL_Driver/Src/stm32f4xx_hal_rcc_ex.c.obj
LOAD CMakeFiles/robot-platform.elf.dir/generated/Drivers/STM32F4xx_HAL_Driver/Src/stm32f4xx_hal_sd.c.obj
LOAD CMakeFiles/robot-platform.elf.dir/generated/Drivers/STM32F4xx_HAL_Driver/Src/stm32f4xx_ll_spi.c.obj
LOAD CMakeFiles/robot-platform.elf.dir/generated/Drivers/STM32F4xx_HAL_Driver/Src/stm32f4xx_hal_tim.c.obj
LOAD CMakeFiles/robot-platform.elf.dir/generated/Drivers/STM32F4xx_HAL_Driver/Src/stm32f4xx_hal_tim_ex.c.obj
LOAD CMakeFiles/robot-platform.elf.dir/generated/Drivers/STM32F4xx_HAL_Driver/Src/stm32f4xx_hal_pwr_ex.c.obj
LOAD CMakeFiles/robot-platform.elf.dir/generated/Drivers/STM32F4xx_HAL_Driver/Src/stm32f4xx_hal_cortex.c.obj
LOAD CMakeFiles/robot-platform.elf.dir/generated/Drivers/STM32F4xx_HAL_Driver/Src/stm32f4xx_hal_uart.c.obj
LOAD CMakeFiles/robot-platform.elf.dir/generated/Drivers/STM32F4xx_HAL_Driver/Src/stm32f4xx_hal_rcc.c.obj
LOAD CMakeFiles/robot-platform.elf.dir/generated/Drivers/STM32F4xx_HAL_Driver/Src/stm32f4xx_hal_dma.c.obj
LOAD CMakeFiles/robot-platform.elf.dir/generated/Drivers/STM32F4xx_HAL_Driver/Src/stm32f4xx_hal_dma_ex.c.obj
LOAD CMakeFiles/robot-platform.elf.dir/generated/Drivers/STM32F4xx_HAL_Driver/Src/stm32f4xx_hal_flash.c.obj
LOAD CMakeFiles/robot-platform.elf.dir/generated/Drivers/STM32F4xx_HAL_Driver/Src/stm32f4xx_hal_flash_ex.c.obj
LOAD CMakeFiles/robot-platform.elf.dir/generated/Drivers/STM32F4xx_HAL_Driver/Src/stm32f4xx_hal_flash_ramfunc.c.obj
LOAD CMakeFiles/robot-platform.elf.dir/generated/Drivers/STM32F4xx_HAL_Driver/Src/stm32f4xx_hal_pwr.c.obj
LOAD CMakeFiles/robot-platform.elf.dir/generated/Drivers/STM32F4xx_HAL_Driver/Src/stm32f4xx_hal_exti.c.obj
LOAD CMakeFiles/robot-platform.elf.dir/generated/Drivers/STM32F4xx_HAL_Driver/Src/stm32f4xx_ll_rcc.c.obj
LOAD CMakeFiles/robot-platform.elf.dir/generated/Drivers/STM32F4xx_HAL_Driver/Src/stm32f4xx_ll_utils.c.obj
LOAD CMakeFiles/robot-platform.elf.dir/generated/Drivers/STM32F4xx_HAL_Driver/Src/stm32f4xx_ll_exti.c.obj
LOAD CMakeFiles/robot-platform.elf.dir/generated/Drivers/STM32F4xx_HAL_Driver/Src/stm32f4xx_ll_sdmmc.c.obj
LOAD CMakeFiles/robot-platform.elf.dir/generated/Middlewares/Third_Party/FreeRTOS/Source/CMSIS_RTOS_V2/cmsis_os2.c.obj
LOAD CMakeFiles/robot-platform.elf.dir/generated/Middlewares/Third_Party/FreeRTOS/Source/timers.c.obj
LOAD CMakeFiles/robot-platform.elf.dir/generated/Middlewares/Third_Party/FreeRTOS/Source/tasks.c.obj
LOAD CMakeFiles/robot-platform.elf.dir/generated/Middlewares/Third_Party/FreeRTOS/Source/portable/GCC/ARM_CM4F/port.c.obj
LOAD CMakeFiles/robot-platform.elf.dir/generated/Middlewares/Third_Party/FreeRTOS/Source/event_groups.c.obj
LOAD CMakeFiles/robot-platform.elf.dir/generated/Middlewares/Third_Party/FreeRTOS/Source/queue.c.obj
LOAD CMakeFiles/robot-platform.elf.dir/generated/Middlewares/Third_Party/FreeRTOS/Source/list.c.obj
LOAD CMakeFiles/robot-platform.elf.dir/generated/Middlewares/Third_Party/FreeRTOS/Source/croutine.c.obj
LOAD CMakeFiles/robot-platform.elf.dir/generated/Middlewares/Third_Party/FreeRTOS/Source/stream_buffer.c.obj
LOAD CMakeFiles/robot-platform.elf.dir/generated/Middlewares/Third_Party/FreeRTOS/Source/portable/MemMang/heap_4.c.obj
START GROUP
LOAD /usr/share/gcc-arm-none-eabi-10.3-2021.10/bin/../lib/gcc/arm-none-eabi/10.3.1/thumb/v7e-m+fp/hard/libgcc.a
LOAD /usr/share/gcc-arm-none-eabi-10.3-2021.10/bin/../lib/gcc/arm-none-eabi/10.3.1/../../../../arm-none-eabi/lib/thumb/v7e-m+fp/hard/libg.a
LOAD /usr/share/gcc-arm-none-eabi-10.3-2021.10/bin/../lib/gcc/arm-none-eabi/10.3.1/../../../../arm-none-eabi/lib/thumb/v7e-m+fp/hard/libc.a
END GROUP
START GROUP
LOAD /usr/share/gcc-arm-none-eabi-10.3-2021.10/bin/../lib/gcc/arm-none-eabi/10.3.1/thumb/v7e-m+fp/hard/libgcc.a
LOAD /usr/share/gcc-arm-none-eabi-10.3-2021.10/bin/../lib/gcc/arm-none-eabi/10.3.1/../../../../arm-none-eabi/lib/thumb/v7e-m+fp/hard/libc.a
LOAD /usr/share/gcc-arm-none-eabi-10.3-2021.10/bin/../lib/gcc/arm-none-eabi/10.3.1/../../../../arm-none-eabi/lib/thumb/v7e-m+fp/hard/libnosys.a
END GROUP
LOAD /usr/share/gcc-arm-none-eabi-10.3-2021.10/bin/../lib/gcc/arm-none-eabi/10.3.1/thumb/v7e-m+fp/hard/crtend.o
LOAD /usr/share/gcc-arm-none-eabi-10.3-2021.10/bin/../lib/gcc/arm-none-eabi/10.3.1/thumb/v7e-m+fp/hard/crtn.o
                0x0000000020020000                _estack = (ORIGIN (RAM) + LENGTH (RAM))
                0x0000000000000200                _Min_Heap_Size = 0x200
                0x0000000000000400                _Min_Stack_Size = 0x400

.isr_vector     0x0000000008000000      0x1c4
                0x0000000008000000                . = ALIGN (0x4)
 *(.isr_vector)
 .isr_vector    0x0000000008000000      0x1c4 CMakeFiles/robot-platform.elf.dir/generated/startup_stm32f446xx.s.obj
                0x0000000008000000                g_pfnVectors
                0x00000000080001c4                . = ALIGN (0x4)

.text           0x00000000080001d0    0x1898c
                0x00000000080001d0                . = ALIGN (0x4)
 *(.text)
 .text          0x00000000080001d0        0x0 /usr/share/gcc-arm-none-eabi-10.3-2021.10/bin/../lib/gcc/arm-none-eabi/10.3.1/thumb/v7e-m+fp/hard/crti.o
 .text          0x00000000080001d0       0x40 /usr/share/gcc-arm-none-eabi-10.3-2021.10/bin/../lib/gcc/arm-none-eabi/10.3.1/thumb/v7e-m+fp/hard/crtbegin.o
 .text          0x0000000008000210       0x7c /usr/share/gcc-arm-none-eabi-10.3-2021.10/bin/../lib/gcc/arm-none-eabi/10.3.1/../../../../arm-none-eabi/lib/thumb/v7e-m+fp/hard/crt0.o
                0x0000000008000210                _stack_init
                0x0000000008000218                _mainCRTStartup
                0x0000000008000218                _start
 .text          0x000000000800028c        0x0 /usr/share/gcc-arm-none-eabi-10.3-2021.10/bin/../lib/gcc/arm-none-eabi/10.3.1/../../../../arm-none-eabi/lib/thumb/v7e-m+fp/hard/libc.a(lib_a-exit.o)
 .text          0x000000000800028c        0x0 /usr/share/gcc-arm-none-eabi-10.3-2021.10/bin/../lib/gcc/arm-none-eabi/10.3.1/../../../../arm-none-eabi/lib/thumb/v7e-m+fp/hard/libc.a(lib_a-impure.o)
 .text          0x000000000800028c        0x0 /usr/share/gcc-arm-none-eabi-10.3-2021.10/bin/../lib/gcc/arm-none-eabi/10.3.1/../../../../arm-none-eabi/lib/thumb/v7e-m+fp/hard/libc.a(lib_a-init.o)
 .text          0x000000000800028c        0x0 /usr/share/gcc-arm-none-eabi-10.3-2021.10/bin/../lib/gcc/arm-none-eabi/10.3.1/../../../../arm-none-eabi/lib/thumb/v7e-m+fp/hard/libc.a(lib_a-memset.o)
 .text          0x000000000800028c        0x0 /usr/share/gcc-arm-none-eabi-10.3-2021.10/bin/../lib/gcc/arm-none-eabi/10.3.1/../../../../arm-none-eabi/lib/thumb/v7e-m+fp/hard/libc.a(lib_a-__call_atexit.o)
 .text          0x000000000800028c        0x0 /usr/share/gcc-arm-none-eabi-10.3-2021.10/bin/../lib/gcc/arm-none-eabi/10.3.1/../../../../arm-none-eabi/lib/thumb/v7e-m+fp/hard/libc.a(lib_a-atexit.o)
 .text          0x000000000800028c        0x0 /usr/share/gcc-arm-none-eabi-10.3-2021.10/bin/../lib/gcc/arm-none-eabi/10.3.1/../../../../arm-none-eabi/lib/thumb/v7e-m+fp/hard/libc.a(lib_a-fini.o)
 .text          0x000000000800028c        0x0 /usr/share/gcc-arm-none-eabi-10.3-2021.10/bin/../lib/gcc/arm-none-eabi/10.3.1/../../../../arm-none-eabi/lib/thumb/v7e-m+fp/hard/libc.a(lib_a-lock.o)
 .text          0x000000000800028c        0x0 /usr/share/gcc-arm-none-eabi-10.3-2021.10/bin/../lib/gcc/arm-none-eabi/10.3.1/../../../../arm-none-eabi/lib/thumb/v7e-m+fp/hard/libc.a(lib_a-__atexit.o)
 .text          0x000000000800028c      0x14c CMakeFiles/robot-platform.elf.dir/main.c.obj
                0x000000000800028c                HAL_TIM_PeriodElapsedCallback
                0x00000000080002a4                Error_Handler
                0x00000000080002a8                SystemClock_Config
                0x0000000008000360                PeriphCommonClock_Config
                0x00000000080003a0                main
 .text          0x00000000080003d8       0x58 CMakeFiles/robot-platform.elf.dir/generated/Core/Src/freertos.c.obj
                0x00000000080003d8                StartDefaultTask
                0x0000000008000410                MX_FREERTOS_Init
 .text          0x0000000008000430       0xc8 CMakeFiles/robot-platform.elf.dir/generated/Core/Src/gpio.c.obj
                0x0000000008000430                MX_GPIO_Init
 .text          0x00000000080004f8       0xe4 CMakeFiles/robot-platform.elf.dir/generated/Core/Src/i2c.c.obj
                0x00000000080004f8                MX_I2C1_Init
                0x0000000008000534                HAL_I2C_MspInit
                0x00000000080005a4                HAL_I2C_MspDeInit
 .text          0x00000000080005dc      0x154 CMakeFiles/robot-platform.elf.dir/generated/Core/Src/sdio.c.obj
                0x00000000080005dc                MX_SDIO_SD_Init
                0x0000000008000620                HAL_SD_MspInit
                0x00000000080006e8                HAL_SD_MspDeInit
 .text          0x0000000008000730       0x9c CMakeFiles/robot-platform.elf.dir/generated/Core/Src/spi.c.obj
                0x0000000008000730                MX_SPI1_Init
 .text          0x00000000080007cc      0x3c8 CMakeFiles/robot-platform.elf.dir/generated/Core/Src/tim.c.obj
                0x00000000080007cc                MX_TIM2_Init
                0x000000000800082c                MX_TIM8_Init
                0x0000000008000898                HAL_TIM_Encoder_MspInit
                0x0000000008000990                HAL_TIM_Base_MspInit
                0x00000000080009c0                HAL_TIM_MspPostInit
                0x0000000008000a18                MX_TIM5_Init
                0x0000000008000b14                HAL_TIM_Encoder_MspDeInit
                0x0000000008000b74                HAL_TIM_Base_MspDeInit
 .text          0x0000000008000b94       0xd8 CMakeFiles/robot-platform.elf.dir/generated/Core/Src/usart.c.obj
                0x0000000008000b94                MX_USART1_UART_Init
                0x0000000008000bc8                HAL_UART_MspInit
                0x0000000008000c3c                HAL_UART_MspDeInit
 .text          0x0000000008000c6c       0x44 CMakeFiles/robot-platform.elf.dir/generated/Core/Src/stm32f4xx_hal_msp.c.obj
                0x0000000008000c6c                HAL_MspInit
 .text          0x0000000008000cb0       0xcc CMakeFiles/robot-platform.elf.dir/generated/Core/Src/stm32f4xx_hal_timebase_tim.c.obj
                0x0000000008000cb0                HAL_InitTick
                0x0000000008000d54                HAL_SuspendTick
                0x0000000008000d68                HAL_ResumeTick
 .text          0x0000000008000d7c       0x28 CMakeFiles/robot-platform.elf.dir/generated/Core/Src/stm32f4xx_it.c.obj
                0x0000000008000d7c                NMI_Handler
                0x0000000008000d7e                HardFault_Handler
                0x0000000008000d80                MemManage_Handler
                0x0000000008000d82                BusFault_Handler
                0x0000000008000d84                UsageFault_Handler
                0x0000000008000d86                DebugMon_Handler
                0x0000000008000d88                TIM8_TRG_COM_TIM14_IRQHandler
                0x0000000008000da0                OTG_FS_IRQHandler
 .text          0x0000000008000da4       0xb4 CMakeFiles/robot-platform.elf.dir/generated/Core/Src/system_stm32f4xx.c.obj
                0x0000000008000da4                SystemInit
                0x0000000008000db8                SystemCoreClockUpdate
 .text          0x0000000008000e58       0x14 CMakeFiles/robot-platform.elf.dir/generated/startup_stm32f446xx.s.obj
 .text          0x0000000008000e6c      0x218 CMakeFiles/robot-platform.elf.dir/generated/Drivers/STM32F4xx_HAL_Driver/Src/stm32f4xx_hal.c.obj
                0x0000000008000e6e                HAL_MspDeInit
                0x0000000008000e70                HAL_DeInit
                0x0000000008000ee4                HAL_Init
                0x0000000008000f18                HAL_IncTick
                0x0000000008000f30                HAL_GetTick
                0x0000000008000f3c                HAL_GetTickPrio
                0x0000000008000f48                HAL_SetTickFreq
                0x0000000008000f6c                HAL_GetTickFreq
                0x0000000008000f78                HAL_Delay
                0x0000000008000fbc                HAL_GetHalVersion
                0x0000000008000fc4                HAL_GetREVID
                0x0000000008000fd0                HAL_GetDEVID
                0x0000000008000fe0                HAL_DBGMCU_EnableDBGSleepMode
                0x0000000008000ff0                HAL_DBGMCU_DisableDBGSleepMode
                0x0000000008001000                HAL_DBGMCU_EnableDBGStopMode
                0x0000000008001010                HAL_DBGMCU_DisableDBGStopMode
                0x0000000008001020                HAL_DBGMCU_EnableDBGStandbyMode
                0x0000000008001030                HAL_DBGMCU_DisableDBGStandbyMode
                0x0000000008001040                HAL_EnableCompensationCell
                0x0000000008001050                HAL_DisableCompensationCell
                0x0000000008001060                HAL_GetUIDw0
                0x000000000800106c                HAL_GetUIDw1
                0x0000000008001078                HAL_GetUIDw2
 .text          0x0000000008001084      0x378 CMakeFiles/robot-platform.elf.dir/generated/Drivers/STM32F4xx_HAL_Driver/Src/stm32f4xx_hal_gpio.c.obj
                0x0000000008001084                HAL_GPIO_Init
                0x000000000800125c                HAL_GPIO_DeInit
                0x0000000008001384                HAL_GPIO_ReadPin
                0x0000000008001392                HAL_GPIO_WritePin
                0x000000000800139e                HAL_GPIO_TogglePin
                0x00000000080013b0                HAL_GPIO_LockPin
                0x00000000080013de                HAL_GPIO_EXTI_Callback
                0x00000000080013e0                HAL_GPIO_EXTI_IRQHandler
 .text          0x00000000080013fc      0x27c CMakeFiles/robot-platform.elf.dir/generated/Drivers/STM32F4xx_HAL_Driver/Src/stm32f4xx_ll_gpio.c.obj
                0x00000000080013fc                LL_GPIO_DeInit
                0x0000000008001510                LL_GPIO_Init
                0x0000000008001660                LL_GPIO_StructInit
 .text          0x0000000008001678     0x4098 CMakeFiles/robot-platform.elf.dir/generated/Drivers/STM32F4xx_HAL_Driver/Src/stm32f4xx_hal_i2c.c.obj
                0x00000000080020b2                HAL_I2C_Init
                0x000000000800226e                HAL_I2C_DeInit
                0x00000000080022a0                HAL_I2C_Master_Transmit
                0x0000000008002418                HAL_I2C_Master_Receive
                0x0000000008002700                HAL_I2C_Slave_Transmit
                0x00000000080028a4                HAL_I2C_Slave_Receive
                0x0000000008002a24                HAL_I2C_Master_Transmit_IT
                0x0000000008002afc                HAL_I2C_Master_Receive_IT
                0x0000000008002be0                HAL_I2C_Slave_Transmit_IT
                0x0000000008002c70                HAL_I2C_Slave_Receive_IT
                0x0000000008002d00                HAL_I2C_Master_Transmit_DMA
                0x0000000008002e90                HAL_I2C_Master_Receive_DMA
                0x0000000008003020                HAL_I2C_Slave_Transmit_DMA
                0x0000000008003128                HAL_I2C_Slave_Receive_DMA
                0x0000000008003230                HAL_I2C_Mem_Write
                0x0000000008003394                HAL_I2C_Mem_Read
                0x0000000008003678                HAL_I2C_Mem_Write_IT
                0x000000000800375c                HAL_I2C_Mem_Read_IT
                0x0000000008003850                HAL_I2C_Mem_Write_DMA
                0x0000000008003a28                HAL_I2C_Mem_Read_DMA
                0x0000000008003c44                HAL_I2C_IsDeviceReady
                0x0000000008003dd8                HAL_I2C_Master_Seq_Transmit_IT
                0x0000000008003ed8                HAL_I2C_Master_Seq_Transmit_DMA
                0x00000000080040a4                HAL_I2C_Master_Seq_Receive_IT
                0x00000000080041f4                HAL_I2C_Master_Seq_Receive_DMA
                0x0000000008004430                HAL_I2C_Slave_Seq_Transmit_IT
                0x00000000080044c0                HAL_I2C_Slave_Seq_Transmit_DMA
                0x000000000800465c                HAL_I2C_Slave_Seq_Receive_IT
                0x00000000080046ec                HAL_I2C_Slave_Seq_Receive_DMA
                0x0000000008004888                HAL_I2C_EnableListen_IT
                0x00000000080048c6                HAL_I2C_DisableListen_IT
                0x0000000008004908                HAL_I2C_MasterTxCpltCallback
                0x000000000800490a                HAL_I2C_MasterRxCpltCallback
                0x000000000800490c                HAL_I2C_SlaveTxCpltCallback
                0x000000000800495a                HAL_I2C_SlaveRxCpltCallback
                0x00000000080049a8                HAL_I2C_AddrCallback
                0x0000000008004a04                HAL_I2C_ListenCpltCallback
                0x0000000008004a98                HAL_I2C_MemTxCpltCallback
                0x0000000008004cc6                HAL_I2C_MemRxCpltCallback
                0x0000000008004df0                HAL_I2C_ErrorCallback
                0x0000000008005050                HAL_I2C_AbortCpltCallback
                0x00000000080052ac                HAL_I2C_Master_Abort_IT
                0x000000000800549c                HAL_I2C_EV_IRQHandler
                0x000000000800563c                HAL_I2C_ER_IRQHandler
                0x0000000008005700                HAL_I2C_GetState
                0x0000000008005706                HAL_I2C_GetMode
                0x000000000800570c                HAL_I2C_GetError
 .text          0x0000000008005710       0x86 CMakeFiles/robot-platform.elf.dir/generated/Drivers/STM32F4xx_HAL_Driver/Src/stm32f4xx_hal_i2c_ex.c.obj
                0x0000000008005710                HAL_I2CEx_ConfigAnalogFilter
                0x0000000008005754                HAL_I2CEx_ConfigDigitalFilter
 .text          0x0000000008005796        0x0 CMakeFiles/robot-platform.elf.dir/generated/Drivers/STM32F4xx_HAL_Driver/Src/stm32f4xx_hal_spi.c.obj
 *fill*         0x0000000008005796        0x2 
 .text          0x0000000008005798     0x11b0 CMakeFiles/robot-platform.elf.dir/generated/Drivers/STM32F4xx_HAL_Driver/Src/stm32f4xx_hal_rcc_ex.c.obj
                0x0000000008005798                HAL_RCCEx_PeriphCLKConfig
                0x0000000008005c0c                HAL_RCCEx_GetPeriphCLKConfig
                0x0000000008005d14                HAL_RCCEx_GetPeriphCLKFreq
                0x000000000800601c                HAL_RCCEx_SelectLSEMode
                0x000000000800603c                HAL_RCCEx_EnablePLLI2S
                0x00000000080060b8                HAL_RCCEx_DisablePLLI2S
                0x00000000080060ec                HAL_RCCEx_EnablePLLSAI
                0x0000000008006164                HAL_RCCEx_DisablePLLSAI
                0x0000000008006198                HAL_RCC_GetSysClockFreq
                0x00000000080062b8                HAL_RCC_DeInit
                0x0000000008006430                HAL_RCC_OscConfig
                0x0000000008006874                HAL_RCC_GetOscConfig
 .text          0x0000000008006948     0x176c CMakeFiles/robot-platform.elf.dir/generated/Drivers/STM32F4xx_HAL_Driver/Src/stm32f4xx_hal_sd.c.obj
                0x0000000008006d74                HAL_SD_DeInit
                0x0000000008006d98                HAL_SD_ReadBlocks
                0x0000000008006fe0                HAL_SD_WriteBlocks
                0x00000000080071e0                HAL_SD_ReadBlocks_IT
                0x00000000080072ac                HAL_SD_WriteBlocks_IT
                0x0000000008007370                HAL_SD_ReadBlocks_DMA
                0x00000000080074a4                HAL_SD_WriteBlocks_DMA
                0x00000000080075d4                HAL_SD_Erase
                0x00000000080076cc                HAL_SD_GetState
                0x00000000080076d2                HAL_SD_GetError
                0x00000000080076d6                HAL_SD_TxCpltCallback
                0x00000000080076d8                HAL_SD_RxCpltCallback
                0x00000000080076da                HAL_SD_ErrorCallback
                0x0000000008007724                HAL_SD_AbortCallback
                0x0000000008007726                HAL_SD_GetCardCID
                0x000000000800777e                HAL_SD_GetCardCSD
                0x0000000008007a34                HAL_SD_InitCard
                0x0000000008007adc                HAL_SD_Init
                0x0000000008007b12                HAL_SD_GetCardStatus
                0x0000000008007bc0                HAL_SD_GetCardInfo
                0x0000000008007be4                HAL_SD_ConfigWideBusOperation
                0x0000000008007ca4                HAL_SD_GetCardState
                0x0000000008007db4                HAL_SD_IRQHandler
                0x0000000008007f7c                HAL_SD_Abort
                0x000000000800800e                HAL_SD_Abort_IT
 .text          0x00000000080080b4      0x1f8 CMakeFiles/robot-platform.elf.dir/generated/Drivers/STM32F4xx_HAL_Driver/Src/stm32f4xx_ll_spi.c.obj
                0x00000000080080b4                LL_SPI_DeInit
                0x0000000008008144                LL_SPI_Init
                0x00000000080081b8                LL_SPI_StructInit
                0x00000000080081d2                LL_I2S_DeInit
                0x00000000080081da                LL_I2S_Init
                0x0000000008008284                LL_I2S_StructInit
                0x0000000008008296                LL_I2S_ConfigPrescaler
 .text          0x00000000080082ac     0x3894 CMakeFiles/robot-platform.elf.dir/generated/Drivers/STM32F4xx_HAL_Driver/Src/stm32f4xx_hal_tim.c.obj
                0x00000000080084d8                HAL_TIM_Base_DeInit
                0x0000000008008536                HAL_TIM_Base_Start
                0x00000000080085b4                HAL_TIM_Base_Stop
                0x00000000080085dc                HAL_TIM_Base_Start_IT
                0x0000000008008664                HAL_TIM_Base_Stop_IT
                0x0000000008008696                HAL_TIM_Base_Start_DMA
                0x0000000008008768                HAL_TIM_Base_Stop_DMA
                0x00000000080087a4                HAL_TIM_OC_MspInit
                0x00000000080087a6                HAL_TIM_OC_MspDeInit
                0x00000000080087a8                HAL_TIM_OC_DeInit
                0x0000000008008806                HAL_TIM_PWM_MspInit
                0x0000000008008808                HAL_TIM_PWM_MspDeInit
                0x000000000800880a                HAL_TIM_PWM_DeInit
                0x0000000008008868                HAL_TIM_IC_MspInit
                0x000000000800886a                HAL_TIM_IC_MspDeInit
                0x000000000800886c                HAL_TIM_IC_DeInit
                0x00000000080088ca                HAL_TIM_OnePulse_MspInit
                0x00000000080088cc                HAL_TIM_OnePulse_MspDeInit
                0x00000000080088ce                HAL_TIM_OnePulse_DeInit
                0x0000000008008920                HAL_TIM_Encoder_DeInit
                0x000000000800896e                HAL_TIM_DMABurst_MultiWriteStart
                0x0000000008008b14                HAL_TIM_DMABurst_WriteStart
                0x0000000008008b2a                HAL_TIM_DMABurst_WriteStop
                0x0000000008008bae                HAL_TIM_DMABurst_MultiReadStart
                0x0000000008008d54                HAL_TIM_DMABurst_ReadStart
                0x0000000008008d6a                HAL_TIM_DMABurst_ReadStop
                0x0000000008008dee                HAL_TIM_GenerateEvent
                0x0000000008008e18                HAL_TIM_ConfigTI1Input
                0x0000000008008e28                HAL_TIM_ReadCapturedValue
                0x0000000008008e72                HAL_TIM_PeriodElapsedHalfCpltCallback
                0x0000000008008e7e                HAL_TIM_OC_DelayElapsedCallback
                0x0000000008008e80                HAL_TIM_IC_CaptureCallback
                0x0000000008008e82                TIM_DMACaptureCplt
                0x0000000008008f02                HAL_TIM_IC_CaptureHalfCpltCallback
                0x0000000008008f04                TIM_DMACaptureHalfCplt
                0x0000000008008f42                HAL_TIM_PWM_PulseFinishedCallback
                0x0000000008008fb4                HAL_TIM_PWM_PulseFinishedHalfCpltCallback
                0x0000000008008fb6                TIM_DMADelayPulseHalfCplt
                0x0000000008008ff4                HAL_TIM_TriggerCallback
                0x0000000008008ff6                HAL_TIM_IRQHandler
                0x0000000008009186                HAL_TIM_TriggerHalfCpltCallback
                0x0000000008009192                HAL_TIM_ErrorCallback
                0x0000000008009194                TIM_DMAError
                0x00000000080091f0                HAL_TIM_Base_GetState
                0x00000000080091f6                HAL_TIM_OC_GetState
                0x00000000080091fc                HAL_TIM_PWM_GetState
                0x0000000008009202                HAL_TIM_IC_GetState
                0x0000000008009208                HAL_TIM_OnePulse_GetState
                0x000000000800920e                HAL_TIM_Encoder_GetState
                0x0000000008009214                HAL_TIM_GetActiveChannel
                0x0000000008009218                HAL_TIM_GetChannelState
                0x0000000008009242                HAL_TIM_DMABurstState
                0x0000000008009248                TIM_Base_SetConfig
                0x0000000008009310                HAL_TIM_Base_Init
                0x0000000008009368                HAL_TIM_OC_Init
                0x00000000080093c0                HAL_TIM_PWM_Init
                0x0000000008009418                HAL_TIM_IC_Init
                0x0000000008009470                HAL_TIM_OnePulse_Init
                0x00000000080094cc                HAL_TIM_Encoder_Init
                0x0000000008009582                TIM_OC2_SetConfig
                0x00000000080095f4                HAL_TIM_OC_ConfigChannel
                0x0000000008009652                HAL_TIM_PWM_ConfigChannel
                0x000000000800972e                TIM_TI1_SetConfig
                0x00000000080097ac                HAL_TIM_IC_ConfigChannel
                0x0000000008009870                HAL_TIM_OnePulse_ConfigChannel
                0x000000000800996a                TIM_ETR_SetConfig
                0x0000000008009984                HAL_TIM_ConfigOCrefClear
                0x0000000008009a7e                HAL_TIM_ConfigClockSource
                0x0000000008009c34                HAL_TIM_SlaveConfigSynchro
                0x0000000008009c86                HAL_TIM_SlaveConfigSynchro_IT
                0x0000000008009cd8                TIM_CCxChannelCmd
                0x0000000008009cf6                HAL_TIM_OC_Start
                0x0000000008009dfc                HAL_TIM_OC_Stop
                0x0000000008009e88                HAL_TIM_OC_Start_IT
                0x0000000008009fd4                HAL_TIM_OC_Stop_IT
                0x000000000800a0b0                HAL_TIM_OC_Start_DMA
                0x000000000800a31c                HAL_TIM_OC_Stop_DMA
                0x000000000800a410                HAL_TIM_PWM_Start
                0x000000000800a514                HAL_TIM_PWM_Stop
                0x000000000800a5a0                HAL_TIM_PWM_Start_IT
                0x000000000800a6ec                HAL_TIM_PWM_Stop_IT
                0x000000000800a7c8                HAL_TIM_PWM_Start_DMA
                0x000000000800aa34                HAL_TIM_PWM_Stop_DMA
                0x000000000800ab28                HAL_TIM_IC_Start
                0x000000000800ac58                HAL_TIM_IC_Stop
                0x000000000800acd8                HAL_TIM_IC_Start_IT
                0x000000000800ae4c                HAL_TIM_IC_Stop_IT
                0x000000000800af1c                HAL_TIM_IC_Start_DMA
                0x000000000800b174                HAL_TIM_IC_Stop_DMA
                0x000000000800b25a                HAL_TIM_OnePulse_Start
                0x000000000800b2dc                HAL_TIM_OnePulse_Stop
                0x000000000800b35c                HAL_TIM_OnePulse_Start_IT
                0x000000000800b3f4                HAL_TIM_OnePulse_Stop_IT
                0x000000000800b488                HAL_TIM_Encoder_Start
                0x000000000800b554                HAL_TIM_Encoder_Stop
                0x000000000800b618                HAL_TIM_Encoder_Start_IT
                0x000000000800b70e                HAL_TIM_Encoder_Stop_IT
                0x000000000800b7fc                HAL_TIM_Encoder_Start_DMA
                0x000000000800ba38                HAL_TIM_Encoder_Stop_DMA
 .text          0x000000000800bb40     0x1668 CMakeFiles/robot-platform.elf.dir/generated/Drivers/STM32F4xx_HAL_Driver/Src/stm32f4xx_hal_tim_ex.c.obj
                0x000000000800bc12                HAL_TIMEx_HallSensor_MspInit
                0x000000000800bc14                HAL_TIMEx_HallSensor_Init
                0x000000000800bce8                HAL_TIMEx_HallSensor_MspDeInit
                0x000000000800bcea                HAL_TIMEx_HallSensor_DeInit
                0x000000000800bd38                HAL_TIMEx_HallSensor_Start
                0x000000000800bdf4                HAL_TIMEx_HallSensor_Stop
                0x000000000800be36                HAL_TIMEx_HallSensor_Start_IT
                0x000000000800befc                HAL_TIMEx_HallSensor_Stop_IT
                0x000000000800bf48                HAL_TIMEx_HallSensor_Start_DMA
                0x000000000800c038                HAL_TIMEx_HallSensor_Stop_DMA
                0x000000000800c082                HAL_TIMEx_OCN_Start
                0x000000000800c178                HAL_TIMEx_OCN_Stop
                0x000000000800c1ee                HAL_TIMEx_OCN_Start_IT
                0x000000000800c31c                HAL_TIMEx_OCN_Stop_IT
                0x000000000800c3de                HAL_TIMEx_OCN_Start_DMA
                0x000000000800c5f0                HAL_TIMEx_OCN_Stop_DMA
                0x000000000800c6b0                HAL_TIMEx_PWMN_Start
                0x000000000800c7a8                HAL_TIMEx_PWMN_Stop
                0x000000000800c81e                HAL_TIMEx_PWMN_Start_IT
                0x000000000800c94c                HAL_TIMEx_PWMN_Stop_IT
                0x000000000800ca0e                HAL_TIMEx_PWMN_Start_DMA
                0x000000000800cc20                HAL_TIMEx_PWMN_Stop_DMA
                0x000000000800cce0                HAL_TIMEx_OnePulseN_Start
                0x000000000800cd5a                HAL_TIMEx_OnePulseN_Stop
                0x000000000800cdcc                HAL_TIMEx_OnePulseN_Start_IT
                0x000000000800ce5a                HAL_TIMEx_OnePulseN_Stop_IT
                0x000000000800cee0                HAL_TIMEx_ConfigCommutEvent
                0x000000000800cf52                HAL_TIMEx_ConfigCommutEvent_IT
                0x000000000800cfc4                HAL_TIMEx_ConfigCommutEvent_DMA
                0x000000000800d054                HAL_TIMEx_MasterConfigSynchronization
                0x000000000800d0e0                HAL_TIMEx_ConfigBreakDeadTime
                0x000000000800d132                HAL_TIMEx_RemapConfig
                0x000000000800d152                HAL_TIMEx_CommutCallback
                0x000000000800d154                TIMEx_DMACommutationCplt
                0x000000000800d164                HAL_TIMEx_CommutHalfCpltCallback
                0x000000000800d166                TIMEx_DMACommutationHalfCplt
                0x000000000800d176                HAL_TIMEx_BreakCallback
                0x000000000800d178                HAL_TIMEx_HallSensor_GetState
                0x000000000800d17e                HAL_TIMEx_GetChannelNState
 .text          0x000000000800d1a8      0x2bc CMakeFiles/robot-platform.elf.dir/generated/Drivers/STM32F4xx_HAL_Driver/Src/stm32f4xx_hal_pwr_ex.c.obj
                0x000000000800d1a8                HAL_PWREx_EnableBkUpReg
                0x000000000800d1e0                HAL_PWREx_DisableBkUpReg
                0x000000000800d218                HAL_PWREx_EnableFlashPowerDown
                0x000000000800d224                HAL_PWREx_DisableFlashPowerDown
                0x000000000800d230                HAL_PWREx_GetVoltageRange
                0x000000000800d240                HAL_PWREx_ControlVoltageScaling
                0x000000000800d300                HAL_PWREx_EnableOverDrive
                0x000000000800d37c                HAL_PWREx_DisableOverDrive
                0x000000000800d3f4                HAL_PWREx_EnterUnderDriveSTOPMode
 .text          0x000000000800d464      0x2d8 CMakeFiles/robot-platform.elf.dir/generated/Drivers/STM32F4xx_HAL_Driver/Src/stm32f4xx_hal_cortex.c.obj
                0x000000000800d464                HAL_NVIC_SetPriorityGrouping
                0x000000000800d488                HAL_NVIC_SetPriority
                0x000000000800d4f8                HAL_NVIC_EnableIRQ
                0x000000000800d514                HAL_NVIC_DisableIRQ
                0x000000000800d538                HAL_NVIC_SystemReset
                0x000000000800d55c                HAL_SYSTICK_Config
                0x000000000800d584                HAL_MPU_Disable
                0x000000000800d5a0                HAL_MPU_Enable
                0x000000000800d5c0                HAL_MPU_ConfigRegion
                0x000000000800d620                HAL_NVIC_GetPriorityGrouping
                0x000000000800d630                HAL_NVIC_GetPriority
                0x000000000800d690                HAL_NVIC_SetPendingIRQ
                0x000000000800d6ac                HAL_NVIC_GetPendingIRQ
                0x000000000800d6d0                HAL_NVIC_ClearPendingIRQ
                0x000000000800d6ec                HAL_NVIC_GetActive
                0x000000000800d710                HAL_SYSTICK_CLKSourceConfig
                0x000000000800d730                HAL_SYSTICK_Callback
                0x000000000800d732                HAL_SYSTICK_IRQHandler
 .text          0x000000000800d73c     0x1794 CMakeFiles/robot-platform.elf.dir/generated/Drivers/STM32F4xx_HAL_Driver/Src/stm32f4xx_hal_uart.c.obj
                0x000000000800d9b2                HAL_UART_Init
                0x000000000800da10                HAL_HalfDuplex_Init
                0x000000000800da7a                HAL_LIN_Init
                0x000000000800dafa                HAL_MultiProcessor_Init
                0x000000000800db86                HAL_UART_DeInit
                0x000000000800dbb8                HAL_UART_Transmit
                0x000000000800dc90                HAL_UART_Receive
                0x000000000800dd74                HAL_UART_Transmit_IT
                0x000000000800ddc2                HAL_UART_Transmit_DMA
                0x000000000800de5c                HAL_UART_DMAPause
                0x000000000800df08                HAL_UART_DMAResume
                0x000000000800dfbc                HAL_UART_DMAStop
                0x000000000800e040                HAL_UARTEx_ReceiveToIdle
                0x000000000800e178                HAL_UART_Abort
                0x000000000800e26a                HAL_UART_AbortTransmit
                0x000000000800e2d6                HAL_UART_AbortReceive
                0x000000000800e37c                HAL_UART_TxCpltCallback
                0x000000000800e3e4                HAL_UART_TxHalfCpltCallback
                0x000000000800e3f0                HAL_UART_RxCpltCallback
                0x000000000800e3f2                HAL_UART_RxHalfCpltCallback
                0x000000000800e3f4                HAL_UART_ErrorCallback
                0x000000000800e45e                HAL_UART_AbortCpltCallback
                0x000000000800e460                HAL_UART_Abort_IT
                0x000000000800e5dc                HAL_UART_AbortTransmitCpltCallback
                0x000000000800e5de                HAL_UART_AbortTransmit_IT
                0x000000000800e674                HAL_UART_AbortReceiveCpltCallback
                0x000000000800e676                HAL_UART_AbortReceive_IT
                0x000000000800e74a                HAL_UARTEx_RxEventCallback
                0x000000000800e82e                HAL_UART_IRQHandler
                0x000000000800eb60                HAL_LIN_SendBreak
                0x000000000800eba0                HAL_MultiProcessor_EnterMuteMode
                0x000000000800ebe0                HAL_MultiProcessor_ExitMuteMode
                0x000000000800ec20                HAL_HalfDuplex_EnableTransmitter
                0x000000000800ec56                HAL_HalfDuplex_EnableReceiver
                0x000000000800ec8c                HAL_UART_GetState
                0x000000000800ec98                HAL_UART_GetError
                0x000000000800ec9c                UART_Start_Receive_IT
                0x000000000800ecd6                HAL_UART_Receive_IT
                0x000000000800ed0e                HAL_UARTEx_ReceiveToIdle_IT
                0x000000000800ed7e                UART_Start_Receive_DMA
                0x000000000800ee28                HAL_UART_Receive_DMA
                0x000000000800ee60                HAL_UARTEx_ReceiveToIdle_DMA
 .text          0x000000000800eed0      0x838 CMakeFiles/robot-platform.elf.dir/generated/Drivers/STM32F4xx_HAL_Driver/Src/stm32f4xx_hal_rcc.c.obj
                0x000000000800f2dc                HAL_RCC_MCOConfig
                0x000000000800f378                HAL_RCC_EnableCSS
                0x000000000800f384                HAL_RCC_DisableCSS
                0x000000000800f434                HAL_RCC_ClockConfig
                0x000000000800f594                HAL_RCC_GetHCLKFreq
                0x000000000800f5a0                HAL_RCC_GetPCLK1Freq
                0x000000000800f5c0                HAL_RCC_GetPCLK2Freq
                0x000000000800f6ac                HAL_RCC_GetClockConfig
                0x000000000800f6e8                HAL_RCC_CSSCallback
                0x000000000800f6ea                HAL_RCC_NMI_IRQHandler
 .text          0x000000000800f708      0x774 CMakeFiles/robot-platform.elf.dir/generated/Drivers/STM32F4xx_HAL_Driver/Src/stm32f4xx_hal_dma.c.obj
                0x000000000800f806                HAL_DMA_Init
                0x000000000800f8d4                HAL_DMA_DeInit
                0x000000000800f938                HAL_DMA_Start
                0x000000000800f980                HAL_DMA_Start_IT
                0x000000000800f9ea                HAL_DMA_Abort
                0x000000000800fa7e                HAL_DMA_Abort_IT
                0x000000000800faa4                HAL_DMA_PollForTransfer
                0x000000000800fbcc                HAL_DMA_IRQHandler
                0x000000000800fda8                HAL_DMA_RegisterCallback
                0x000000000800fe02                HAL_DMA_UnRegisterCallback
                0x000000000800fe70                HAL_DMA_GetState
                0x000000000800fe76                HAL_DMA_GetError
 .text          0x000000000800fe7c      0xf90 CMakeFiles/robot-platform.elf.dir/generated/Drivers/STM32F4xx_HAL_Driver/Src/stm32f4xx_hal_dma_ex.c.obj
                0x000000000800fea0                HAL_DMAEx_MultiBufferStart
                0x000000000800fefe                HAL_DMAEx_MultiBufferStart_IT
                0x0000000008010dfc                HAL_DMAEx_ChangeMemory
 .text          0x0000000008010e0c      0x424 CMakeFiles/robot-platform.elf.dir/generated/Drivers/STM32F4xx_HAL_Driver/Src/stm32f4xx_hal_flash.c.obj
                0x0000000008010f4c                HAL_FLASH_Program_IT
                0x0000000008010fb4                HAL_FLASH_EndOfOperationCallback
                0x0000000008010fb6                HAL_FLASH_OperationErrorCallback
                0x0000000008010fb8                HAL_FLASH_IRQHandler
                0x00000000080110ac                HAL_FLASH_Unlock
                0x00000000080110dc                HAL_FLASH_Lock
                0x00000000080110f0                HAL_FLASH_OB_Unlock
                0x0000000008011118                HAL_FLASH_OB_Lock
                0x000000000801112c                HAL_FLASH_GetError
                0x0000000008011138                FLASH_WaitForLastOperation
                0x0000000008011198                HAL_FLASH_Program
                0x0000000008011214                HAL_FLASH_OB_Launch
 .text          0x0000000008011230      0x3fc CMakeFiles/robot-platform.elf.dir/generated/Drivers/STM32F4xx_HAL_Driver/Src/stm32f4xx_hal_flash_ex.c.obj
                0x0000000008011378                HAL_FLASHEx_OBProgram
                0x00000000080113fc                HAL_FLASHEx_OBGetConfig
                0x000000000801141e                HAL_FLASHEx_AdvOBProgram
                0x0000000008011442                HAL_FLASHEx_AdvOBGetConfig
                0x0000000008011450                HAL_FLASHEx_OB_SelectPCROP
                0x0000000008011464                HAL_FLASHEx_OB_DeSelectPCROP
                0x0000000008011478                FLASH_Erase_Sector
                0x00000000080114cc                HAL_FLASHEx_Erase_IT
                0x0000000008011538                FLASH_FlushCaches
                0x0000000008011598                HAL_FLASHEx_Erase
 .text          0x000000000801162c        0x0 CMakeFiles/robot-platform.elf.dir/generated/Drivers/STM32F4xx_HAL_Driver/Src/stm32f4xx_hal_flash_ramfunc.c.obj
 .text          0x000000000801162c      0x1e8 CMakeFiles/robot-platform.elf.dir/generated/Drivers/STM32F4xx_HAL_Driver/Src/stm32f4xx_hal_pwr.c.obj
                0x000000000801162c                HAL_PWR_DeInit
                0x0000000008011644                HAL_PWR_EnableBkUpAccess
                0x0000000008011660                HAL_PWR_DisableBkUpAccess
                0x000000000801167c                HAL_PWR_ConfigPVD
                0x0000000008011700                HAL_PWR_EnablePVD
                0x000000000801170c                HAL_PWR_DisablePVD
                0x0000000008011718                HAL_PWR_EnableWakeUpPin
                0x0000000008011728                HAL_PWR_DisableWakeUpPin
                0x0000000008011738                HAL_PWR_EnterSLEEPMode
                0x0000000008011758                HAL_PWR_EnterSTOPMode
                0x0000000008011790                HAL_PWR_EnterSTANDBYMode
                0x00000000080117b0                HAL_PWR_PVDCallback
                0x00000000080117b2                HAL_PWR_PVD_IRQHandler
                0x00000000080117d4                HAL_PWR_EnableSleepOnExit
                0x00000000080117e4                HAL_PWR_DisableSleepOnExit
                0x00000000080117f4                HAL_PWR_EnableSEVOnPend
                0x0000000008011804                HAL_PWR_DisableSEVOnPend
 .text          0x0000000008011814      0x28c CMakeFiles/robot-platform.elf.dir/generated/Drivers/STM32F4xx_HAL_Driver/Src/stm32f4xx_hal_exti.c.obj
                0x0000000008011814                HAL_EXTI_SetConfigLine
                0x00000000080118ec                HAL_EXTI_GetConfigLine
                0x0000000008011994                HAL_EXTI_ClearConfigLine
                0x0000000008011a1c                HAL_EXTI_RegisterCallback
                0x0000000008011a2a                HAL_EXTI_GetHandle
                0x0000000008011a36                HAL_EXTI_IRQHandler
                0x0000000008011a5c                HAL_EXTI_GetPending
                0x0000000008011a78                HAL_EXTI_ClearPending
                0x0000000008011a8c                HAL_EXTI_GenerateSWI
 .text          0x0000000008011aa0      0x730 CMakeFiles/robot-platform.elf.dir/generated/Drivers/STM32F4xx_HAL_Driver/Src/stm32f4xx_ll_rcc.c.obj
                0x0000000008011aa0                LL_RCC_DeInit
                0x0000000008011b58                LL_RCC_GetCECClockFreq
                0x0000000008011b8c                RCC_GetHCLKClockFreq
                0x0000000008011ba4                RCC_GetPCLK1ClockFreq
                0x0000000008011bbc                RCC_GetPCLK2ClockFreq
                0x0000000008011bd4                RCC_PLL_GetFreqDomain_SYS
                0x0000000008011c3c                RCC_GetSystemClockFreq
                0x0000000008011c78                LL_RCC_GetSystemClocksFreq
                0x0000000008011c98                LL_RCC_GetFMPI2CClockFreq
                0x0000000008011ce4                RCC_PLL_GetFreqDomain_48M
                0x0000000008011d24                RCC_PLL_GetFreqDomain_I2S
                0x0000000008011d64                RCC_PLL_GetFreqDomain_SPDIFRX
                0x0000000008011da4                RCC_PLL_GetFreqDomain_SAI
                0x0000000008011de4                RCC_PLLSAI_GetFreqDomain_SAI
                0x0000000008011e34                RCC_PLLSAI_GetFreqDomain_48M
                0x0000000008011e7c                LL_RCC_GetSDIOClockFreq
                0x0000000008011ec8                LL_RCC_GetUSBClockFreq
                0x0000000008011f00                RCC_PLLI2S_GetFreqDomain_SAI
                0x0000000008011f50                LL_RCC_GetSAIClockFreq
                0x000000000801201c                RCC_PLLI2S_GetFreqDomain_SPDIFRX
                0x0000000008012064                LL_RCC_GetSPDIFRXClockFreq
                0x000000000801209c                RCC_PLLI2S_GetFreqDomain_I2S
                0x00000000080120e0                LL_RCC_GetI2SClockFreq
 .text          0x00000000080121d0      0x378 CMakeFiles/robot-platform.elf.dir/generated/Drivers/STM32F4xx_HAL_Driver/Src/stm32f4xx_ll_utils.c.obj
                0x0000000008012220                LL_Init1msTick
                0x0000000008012240                LL_mDelay
                0x000000000801226a                LL_SetSystemCoreClock
                0x0000000008012274                LL_SetFlashLatency
                0x0000000008012440                LL_PLL_ConfigSystemClock_HSI
                0x00000000080124b4                LL_PLL_ConfigSystemClock_HSE
 .text          0x0000000008012548      0x104 CMakeFiles/robot-platform.elf.dir/generated/Drivers/STM32F4xx_HAL_Driver/Src/stm32f4xx_ll_exti.c.obj
                0x0000000008012548                LL_EXTI_DeInit
                0x0000000008012564                LL_EXTI_Init
                0x000000000801263c                LL_EXTI_StructInit
 .text          0x000000000801264c      0x8f8 CMakeFiles/robot-platform.elf.dir/generated/Drivers/STM32F4xx_HAL_Driver/Src/stm32f4xx_ll_sdmmc.c.obj
                0x0000000008012684                SDIO_Init
                0x00000000080126b6                SDIO_ReadFIFO
                0x00000000080126bc                SDIO_WriteFIFO
                0x00000000080126c6                SDIO_PowerState_ON
                0x00000000080126ce                SDIO_PowerState_OFF
                0x00000000080126d6                SDIO_GetPowerState
                0x00000000080126de                SDIO_SendCommand
                0x0000000008012702                SDIO_GetCommandResponse
                0x0000000008012708                SDIO_GetResponse
                0x000000000801270e                SDIO_ConfigData
                0x0000000008012732                SDIO_GetDataCounter
                0x0000000008012736                SDIO_GetFIFOCount
                0x000000000801273c                SDIO_SetSDMMCReadWaitMode
                0x000000000801274a                SDMMC_CmdGoIdleState
                0x0000000008012770                SDMMC_GetCmdResp1
                0x00000000080128c4                SDMMC_CmdBlockLength
                0x00000000080128f4                SDMMC_CmdReadSingleBlock
                0x0000000008012924                SDMMC_CmdReadMultiBlock
                0x0000000008012954                SDMMC_CmdWriteSingleBlock
                0x0000000008012984                SDMMC_CmdWriteMultiBlock
                0x00000000080129b4                SDMMC_CmdSDEraseStartAdd
                0x00000000080129e4                SDMMC_CmdSDEraseEndAdd
                0x0000000008012a14                SDMMC_CmdEraseStartAdd
                0x0000000008012a44                SDMMC_CmdEraseEndAdd
                0x0000000008012a74                SDMMC_CmdErase
                0x0000000008012aa4                SDMMC_CmdStopTransfer
                0x0000000008012ad8                SDMMC_CmdSelDesel
                0x0000000008012b08                SDMMC_CmdAppCommand
                0x0000000008012b38                SDMMC_CmdBusWidth
                0x0000000008012b68                SDMMC_CmdSendSCR
                0x0000000008012b98                SDMMC_CmdSetRelAddMmc
                0x0000000008012bca                SDMMC_CmdSendStatus
                0x0000000008012bfa                SDMMC_CmdStatusRegister
                0x0000000008012c2a                SDMMC_CmdSwitch
                0x0000000008012c5a                SDMMC_CmdSendEXTCSD
                0x0000000008012c8a                SDMMC_GetCmdResp2
                0x0000000008012ce4                SDMMC_CmdSendCID
                0x0000000008012d0e                SDMMC_CmdSendCSD
                0x0000000008012d38                SDMMC_GetCmdResp3
                0x0000000008012d84                SDMMC_CmdAppOperCommand
                0x0000000008012db6                SDMMC_CmdOpCondition
                0x0000000008012de0                SDMMC_GetCmdResp6
                0x0000000008012e80                SDMMC_CmdSetRelAdd
                0x0000000008012eb0                SDMMC_GetCmdResp7
                0x0000000008012f14                SDMMC_CmdOperCond
 .text          0x0000000008012f44     0x1364 CMakeFiles/robot-platform.elf.dir/generated/Middlewares/Third_Party/FreeRTOS/Source/CMSIS_RTOS_V2/cmsis_os2.c.obj
                0x0000000008012fa6                SysTick_Handler
                0x0000000008012fbe                osKernelInitialize
                0x0000000008012fe0                osKernelGetInfo
                0x000000000801300c                osKernelGetState
                0x0000000008013030                osKernelStart
                0x0000000008013068                osKernelLock
                0x0000000008013092                osKernelUnlock
                0x00000000080130cc                osKernelRestoreLock
                0x0000000008013118                osKernelGetTickCount
                0x000000000801312c                osKernelGetTickFreq
                0x0000000008013132                osKernelGetSysTimerCount
                0x0000000008013176                osKernelGetSysTimerFreq
                0x0000000008013180                osThreadNew
                0x000000000801323c                osThreadGetName
                0x0000000008013250                osThreadGetId
                0x0000000008013258                osThreadGetState
                0x0000000008013296                osThreadGetStackSpace
                0x00000000080132b0                osThreadSetPriority
                0x00000000080132e2                osThreadGetPriority
                0x00000000080132fe                osThreadYield
                0x0000000008013322                osThreadSuspend
                0x0000000008013340                osThreadResume
                0x000000000801335e                osThreadExit
                0x0000000008013368                osThreadTerminate
                0x0000000008013398                osThreadGetCount
                0x00000000080133aa                osThreadEnumerate
                0x0000000008013410                osThreadFlagsSet
                0x0000000008013482                osThreadFlagsClear
                0x00000000080134d8                osThreadFlagsGet
                0x000000000801350a                osThreadFlagsWait
                0x00000000080135b4                osDelay
                0x00000000080135d0                osDelayUntil
                0x0000000008013600                osTimerNew
                0x00000000080136a8                osTimerGetName
                0x00000000080136bc                osTimerStart
                0x00000000080136f0                osTimerStop
                0x0000000008013734                osTimerIsRunning
                0x000000000801374c                osTimerDelete
                0x0000000008013790                osEventFlagsNew
                0x00000000080137d4                osEventFlagsSet
                0x000000000801382e                osEventFlagsClear
                0x000000000801386e                osEventFlagsGet
                0x000000000801388a                osEventFlagsWait
                0x0000000008013900                osEventFlagsDelete
                0x000000000801391e                osMutexNew
                0x00000000080139b2                osMutexAcquire
                0x0000000008013a0a                osMutexRelease
                0x0000000008013a56                osMutexGetOwner
                0x0000000008013a72                osMutexDelete
                0x0000000008013a9c                osSemaphoreNew
                0x0000000008013b50                osSemaphoreAcquire
                0x0000000008013bb8                osSemaphoreRelease
                0x0000000008013c16                osSemaphoreGetCount
                0x0000000008013c30                osSemaphoreDelete
                0x0000000008013c56                osMessageQueueNew
                0x0000000008013cec                osMessageQueuePut
                0x0000000008013d70                osMessageQueueGet
                0x0000000008013df2                osMessageQueueGetCapacity
                0x0000000008013dfc                osMessageQueueGetMsgSize
                0x0000000008013e06                osMessageQueueGetCount
                0x0000000008013e20                osMessageQueueGetSpace
                0x0000000008013e54                osMessageQueueReset
                0x0000000008013e74                osMessageQueueDelete
                0x0000000008013e9a                osMemoryPoolNew
                0x0000000008013fcc                osMemoryPoolGetName
                0x0000000008013fdc                osMemoryPoolAlloc
                0x000000000801408c                osMemoryPoolFree
                0x000000000801416c                osMemoryPoolGetCapacity
                0x0000000008014188                osMemoryPoolGetBlockSize
                0x00000000080141a4                osMemoryPoolGetCount
                0x00000000080141d8                osMemoryPoolGetSpace
                0x0000000008014208                osMemoryPoolDelete
                0x000000000801426c                vApplicationGetIdleTaskMemory
                0x0000000008014288                vApplicationGetTimerTaskMemory
 .text          0x00000000080142a8      0x6f0 CMakeFiles/robot-platform.elf.dir/generated/Middlewares/Third_Party/FreeRTOS/Source/timers.c.obj
                0x00000000080143b4                xTimerCreateTimerTask
                0x0000000008014418                xTimerCreate
                0x0000000008014450                xTimerCreateStatic
                0x00000000080144a4                xTimerGenericCommand
                0x00000000080147ca                xTimerGetTimerDaemonTaskHandle
                0x00000000080147ec                xTimerGetPeriod
                0x0000000008014804                vTimerSetReloadMode
                0x0000000008014844                uxTimerGetReloadMode
                0x0000000008014878                xTimerGetExpiryTime
                0x0000000008014890                pcTimerGetName
                0x00000000080148a8                xTimerIsTimerActive
                0x00000000080148dc                pvTimerGetTimerID
                0x0000000008014902                vTimerSetTimerID
                0x0000000008014928                xTimerPendFunctionCallFromISR
                0x0000000008014950                xTimerPendFunctionCall
                0x0000000008014990                uxTimerGetTimerNumber
                0x0000000008014994                vTimerSetTimerNumber
 .text          0x0000000008014998     0x1878 CMakeFiles/robot-platform.elf.dir/generated/Middlewares/Third_Party/FreeRTOS/Source/tasks.c.obj
                0x0000000008014cc8                xTaskCreateStatic
                0x0000000008014d3e                xTaskCreate
                0x0000000008014da6                vTaskDelete
                0x0000000008014e5c                eTaskGetState
                0x0000000008014ee0                uxTaskPriorityGet
                0x0000000008014f00                uxTaskPriorityGetFromISR
                0x0000000008014f34                vTaskPrioritySet
                0x0000000008015010                vTaskResume
                0x0000000008015098                xTaskResumeFromISR
                0x000000000801513c                vTaskStartScheduler
                0x00000000080151cc                vTaskEndScheduler
                0x00000000080151f0                vTaskSuspendAll
                0x0000000008015204                xTaskGetTickCount
                0x0000000008015210                xTaskGetTickCountFromISR
                0x0000000008015224                uxTaskGetNumberOfTasks
                0x0000000008015230                pcTaskGetName
                0x000000000801525c                xTaskIncrementTick
                0x0000000008015374                xTaskResumeAll
                0x0000000008015464                vTaskDelayUntil
                0x0000000008015508                vTaskDelay
                0x0000000008015554                xTaskCatchUpTicks
                0x000000000801558c                vTaskSwitchContext
                0x0000000008015618                vTaskSuspend
                0x00000000080156d8                vTaskPlaceOnEventList
                0x000000000801570c                vTaskPlaceOnUnorderedEventList
                0x0000000008015768                vTaskPlaceOnEventListRestricted
                0x00000000080157a4                xTaskRemoveFromEventList
                0x000000000801582c                vTaskRemoveFromUnorderedEventList
                0x00000000080158b0                vTaskSetTimeOutState
                0x00000000080158e4                vTaskInternalSetTimeOutState
                0x00000000080158f8                xTaskCheckForTimeOut
                0x000000000801597c                vTaskMissedYield
                0x000000000801598c                uxTaskGetTaskNumber
                0x0000000008015996                vTaskSetTaskNumber
                0x000000000801599c                vTaskGetInfo
                0x0000000008015a76                uxTaskGetSystemState
                0x0000000008015b20                uxTaskGetStackHighWaterMark
                0x0000000008015b3c                xTaskGetCurrentTaskHandle
                0x0000000008015b48                xTaskGetSchedulerState
                0x0000000008015b68                xTaskPriorityInherit
                0x0000000008015c08                xTaskPriorityDisinherit
                0x0000000008015c9c                vTaskPriorityDisinheritAfterTimeout
                0x0000000008015d40                uxTaskResetEventItemValue
                0x0000000008015d60                pvTaskIncrementMutexHeldCount
                0x0000000008015d80                ulTaskNotifyTake
                0x0000000008015e04                xTaskNotifyWait
                0x0000000008015eac                xTaskGenericNotify
                0x0000000008015fb0                xTaskGenericNotifyFromISR
                0x00000000080160e0                vTaskNotifyGiveFromISR
                0x00000000080161ac                xTaskNotifyStateClear
                0x00000000080161e0                ulTaskNotifyValueClear
 .text          0x0000000008016210      0x38c CMakeFiles/robot-platform.elf.dir/generated/Middlewares/Third_Party/FreeRTOS/Source/portable/GCC/ARM_CM4F/port.c.obj
                0x0000000008016280                pxPortInitialiseStack
                0x00000000080162ac                SVC_Handler
                0x00000000080162d4                vPortEndScheduler
                0x00000000080162f8                vPortEnterCritical
                0x000000000801633c                vPortExitCritical
                0x0000000008016368                PendSV_Handler
                0x00000000080163d4                xPortSysTickHandler
                0x0000000008016400                vPortSetupTimerInterrupt
                0x0000000008016428                xPortStartScheduler
                0x000000000801653c                vPortValidateInterruptPriority
 .text          0x000000000801659c      0x3dc CMakeFiles/robot-platform.elf.dir/generated/Middlewares/Third_Party/FreeRTOS/Source/event_groups.c.obj
                0x00000000080165b8                xEventGroupCreateStatic
                0x0000000008016602                xEventGroupCreate
                0x000000000801661e                xEventGroupWaitBits
                0x0000000008016726                xEventGroupClearBits
                0x000000000801676c                vEventGroupClearBitsCallback
                0x0000000008016774                xEventGroupClearBitsFromISR
                0x0000000008016788                xEventGroupGetBitsFromISR
                0x00000000080167a4                xEventGroupSetBits
                0x0000000008016830                xEventGroupSync
                0x0000000008016908                vEventGroupSetBitsCallback
                0x0000000008016910                vEventGroupDelete
                0x0000000008016954                xEventGroupSetBitsFromISR
                0x0000000008016968                uxEventGroupGetNumber
                0x0000000008016972                vEventGroupSetNumber
 .text          0x0000000008016978      0xea0 CMakeFiles/robot-platform.elf.dir/generated/Middlewares/Third_Party/FreeRTOS/Source/queue.c.obj
                0x0000000008016ac8                xQueueGenericReset
                0x0000000008016b6e                xQueueGenericCreateStatic
                0x0000000008016c02                xQueueGenericCreate
                0x0000000008016c4a                xQueueGetMutexHolder
                0x0000000008016c64                xQueueGetMutexHolderFromISR
                0x0000000008016c84                xQueueCreateCountingSemaphoreStatic
                0x0000000008016cca                xQueueCreateCountingSemaphore
                0x0000000008016d06                xQueueGenericSend
                0x0000000008016ea6                xQueueCreateMutex
                0x0000000008016ebc                xQueueCreateMutexStatic
                0x0000000008016eda                xQueueGiveMutexRecursive
                0x0000000008016f1a                xQueueGenericSendFromISR
                0x0000000008016fe8                xQueueGiveFromISR
                0x000000000801709a                xQueueReceive
                0x00000000080171f8                xQueueSemaphoreTake
                0x000000000801739e                xQueueTakeMutexRecursive
                0x00000000080173de                xQueuePeek
                0x000000000801753c                xQueueReceiveFromISR
                0x00000000080175e4                xQueuePeekFromISR
                0x0000000008017662                uxQueueMessagesWaiting
                0x0000000008017688                uxQueueSpacesAvailable
                0x00000000080176b2                uxQueueMessagesWaitingFromISR
                0x00000000080176ca                uxQueueGetQueueNumber
                0x00000000080176ce                vQueueSetQueueNumber
                0x00000000080176d2                ucQueueGetQueueType
                0x00000000080176d8                xQueueIsQueueEmptyFromISR
                0x00000000080176f8                xQueueIsQueueFullFromISR
                0x000000000801771c                vQueueAddToRegistry
                0x0000000008017744                pcQueueGetName
                0x000000000801776c                vQueueUnregisterQueue
                0x0000000008017798                vQueueDelete
                0x00000000080177c4                vQueueWaitForMessageRestricted
 .text          0x0000000008017818       0x8a CMakeFiles/robot-platform.elf.dir/generated/Middlewares/Third_Party/FreeRTOS/Source/list.c.obj
                0x0000000008017818                vListInitialise
                0x000000000801782e                vListInitialiseItem
                0x0000000008017834                vListInsertEnd
                0x000000000801784a                vListInsert
                0x000000000801787c                uxListRemove
 .text          0x00000000080178a2        0x0 CMakeFiles/robot-platform.elf.dir/generated/Middlewares/Third_Party/FreeRTOS/Source/croutine.c.obj
 .text          0x00000000080178a2      0x8b4 CMakeFiles/robot-platform.elf.dir/generated/Middlewares/Third_Party/FreeRTOS/Source/stream_buffer.c.obj
                0x0000000008017aac                xStreamBufferGenericCreate
                0x0000000008017b20                xStreamBufferGenericCreateStatic
                0x0000000008017bc6                vStreamBufferDelete
                0x0000000008017bf4                xStreamBufferReset
                0x0000000008017c42                xStreamBufferSetTriggerLevel
                0x0000000008017c6c                xStreamBufferSpacesAvailable
                0x0000000008017c96                xStreamBufferBytesAvailable
                0x0000000008017cb2                xStreamBufferSend
                0x0000000008017dba                xStreamBufferSendFromISR
                0x0000000008017e5e                xStreamBufferReceive
                0x0000000008017f48                xStreamBufferNextMessageLengthBytes
                0x0000000008017fa4                xStreamBufferReceiveFromISR
                0x0000000008018046                xStreamBufferIsEmpty
                0x000000000801806a                xStreamBufferIsFull
                0x00000000080180a2                xStreamBufferSendCompletedFromISR
                0x00000000080180f4                xStreamBufferReceiveCompletedFromISR
                0x0000000008018146                uxStreamBufferGetStreamBufferNumber
                0x000000000801814a                vStreamBufferSetStreamBufferNumber
                0x000000000801814e                ucStreamBufferGetStreamBufferType
 *fill*         0x0000000008018156        0x2 
 .text          0x0000000008018158      0x280 CMakeFiles/robot-platform.elf.dir/generated/Middlewares/Third_Party/FreeRTOS/Source/portable/MemMang/heap_4.c.obj
                0x0000000008018204                pvPortMalloc
                0x00000000080182e8                vPortFree
                0x0000000008018358                xPortGetFreeHeapSize
                0x0000000008018364                xPortGetMinimumEverFreeHeapSize
                0x0000000008018370                vPortInitialiseBlocks
                0x0000000008018372                vPortGetHeapStats
 .text          0x00000000080183d8       0x30 /usr/share/gcc-arm-none-eabi-10.3-2021.10/bin/../lib/gcc/arm-none-eabi/10.3.1/thumb/v7e-m+fp/hard/libgcc.a(_aeabi_uldivmod.o)
                0x00000000080183d8                __aeabi_uldivmod
 .text          0x0000000008018408      0x2d0 /usr/share/gcc-arm-none-eabi-10.3-2021.10/bin/../lib/gcc/arm-none-eabi/10.3.1/thumb/v7e-m+fp/hard/libgcc.a(_udivmoddi4.o)
                0x0000000008018408                __udivmoddi4
 .text          0x00000000080186d8        0x4 /usr/share/gcc-arm-none-eabi-10.3-2021.10/bin/../lib/gcc/arm-none-eabi/10.3.1/thumb/v7e-m+fp/hard/libgcc.a(_dvmd_tls.o)
                0x00000000080186d8                __aeabi_ldiv0
                0x00000000080186d8                __aeabi_idiv0
 .text          0x00000000080186dc      0x134 /usr/share/gcc-arm-none-eabi-10.3-2021.10/bin/../lib/gcc/arm-none-eabi/10.3.1/../../../../arm-none-eabi/lib/thumb/v7e-m+fp/hard/libg.a(lib_a-memcpy.o)
                0x00000000080186dc                memcpy
 .text          0x0000000008018810        0x0 /usr/share/gcc-arm-none-eabi-10.3-2021.10/bin/../lib/gcc/arm-none-eabi/10.3.1/../../../../arm-none-eabi/lib/thumb/v7e-m+fp/hard/libnosys.a(_exit.o)
 .text          0x0000000008018810        0x0 /usr/share/gcc-arm-none-eabi-10.3-2021.10/bin/../lib/gcc/arm-none-eabi/10.3.1/thumb/v7e-m+fp/hard/crtend.o
 .text          0x0000000008018810        0x0 /usr/share/gcc-arm-none-eabi-10.3-2021.10/bin/../lib/gcc/arm-none-eabi/10.3.1/thumb/v7e-m+fp/hard/crtn.o
 *(.text*)
 .text.exit     0x0000000008018810       0x20 /usr/share/gcc-arm-none-eabi-10.3-2021.10/bin/../lib/gcc/arm-none-eabi/10.3.1/../../../../arm-none-eabi/lib/thumb/v7e-m+fp/hard/libc.a(lib_a-exit.o)
                0x0000000008018810                exit
 .text.__libc_init_array
                0x0000000008018830       0x48 /usr/share/gcc-arm-none-eabi-10.3-2021.10/bin/../lib/gcc/arm-none-eabi/10.3.1/../../../../arm-none-eabi/lib/thumb/v7e-m+fp/hard/libc.a(lib_a-init.o)
                0x0000000008018830                __libc_init_array
 .text.memset   0x0000000008018878       0xa4 /usr/share/gcc-arm-none-eabi-10.3-2021.10/bin/../lib/gcc/arm-none-eabi/10.3.1/../../../../arm-none-eabi/lib/thumb/v7e-m+fp/hard/libc.a(lib_a-memset.o)
                0x0000000008018878                memset
 .text.startup.register_fini
                0x000000000801891c       0x14 /usr/share/gcc-arm-none-eabi-10.3-2021.10/bin/../lib/gcc/arm-none-eabi/10.3.1/../../../../arm-none-eabi/lib/thumb/v7e-m+fp/hard/libc.a(lib_a-__call_atexit.o)
 .text.__call_exitprocs
                0x0000000008018930       0xcc /usr/share/gcc-arm-none-eabi-10.3-2021.10/bin/../lib/gcc/arm-none-eabi/10.3.1/../../../../arm-none-eabi/lib/thumb/v7e-m+fp/hard/libc.a(lib_a-__call_atexit.o)
                0x0000000008018930                __call_exitprocs
 .text.atexit   0x00000000080189fc        0xc /usr/share/gcc-arm-none-eabi-10.3-2021.10/bin/../lib/gcc/arm-none-eabi/10.3.1/../../../../arm-none-eabi/lib/thumb/v7e-m+fp/hard/libc.a(lib_a-atexit.o)
                0x00000000080189fc                atexit
 .text.__libc_fini_array
                0x0000000008018a08       0x2c /usr/share/gcc-arm-none-eabi-10.3-2021.10/bin/../lib/gcc/arm-none-eabi/10.3.1/../../../../arm-none-eabi/lib/thumb/v7e-m+fp/hard/libc.a(lib_a-fini.o)
                0x0000000008018a08                __libc_fini_array
 .text.__retarget_lock_init
                0x0000000008018a34        0x4 /usr/share/gcc-arm-none-eabi-10.3-2021.10/bin/../lib/gcc/arm-none-eabi/10.3.1/../../../../arm-none-eabi/lib/thumb/v7e-m+fp/hard/libc.a(lib_a-lock.o)
                0x0000000008018a34                __retarget_lock_init
 .text.__retarget_lock_init_recursive
                0x0000000008018a38        0x4 /usr/share/gcc-arm-none-eabi-10.3-2021.10/bin/../lib/gcc/arm-none-eabi/10.3.1/../../../../arm-none-eabi/lib/thumb/v7e-m+fp/hard/libc.a(lib_a-lock.o)
                0x0000000008018a38                __retarget_lock_init_recursive
 .text.__retarget_lock_close
                0x0000000008018a3c        0x4 /usr/share/gcc-arm-none-eabi-10.3-2021.10/bin/../lib/gcc/arm-none-eabi/10.3.1/../../../../arm-none-eabi/lib/thumb/v7e-m+fp/hard/libc.a(lib_a-lock.o)
                0x0000000008018a3c                __retarget_lock_close
 .text.__retarget_lock_close_recursive
                0x0000000008018a40        0x4 /usr/share/gcc-arm-none-eabi-10.3-2021.10/bin/../lib/gcc/arm-none-eabi/10.3.1/../../../../arm-none-eabi/lib/thumb/v7e-m+fp/hard/libc.a(lib_a-lock.o)
                0x0000000008018a40                __retarget_lock_close_recursive
 .text.__retarget_lock_acquire
                0x0000000008018a44        0x4 /usr/share/gcc-arm-none-eabi-10.3-2021.10/bin/../lib/gcc/arm-none-eabi/10.3.1/../../../../arm-none-eabi/lib/thumb/v7e-m+fp/hard/libc.a(lib_a-lock.o)
                0x0000000008018a44                __retarget_lock_acquire
 .text.__retarget_lock_acquire_recursive
                0x0000000008018a48        0x4 /usr/share/gcc-arm-none-eabi-10.3-2021.10/bin/../lib/gcc/arm-none-eabi/10.3.1/../../../../arm-none-eabi/lib/thumb/v7e-m+fp/hard/libc.a(lib_a-lock.o)
                0x0000000008018a48                __retarget_lock_acquire_recursive
 .text.__retarget_lock_try_acquire
                0x0000000008018a4c        0x4 /usr/share/gcc-arm-none-eabi-10.3-2021.10/bin/../lib/gcc/arm-none-eabi/10.3.1/../../../../arm-none-eabi/lib/thumb/v7e-m+fp/hard/libc.a(lib_a-lock.o)
                0x0000000008018a4c                __retarget_lock_try_acquire
 .text.__retarget_lock_try_acquire_recursive
                0x0000000008018a50        0x4 /usr/share/gcc-arm-none-eabi-10.3-2021.10/bin/../lib/gcc/arm-none-eabi/10.3.1/../../../../arm-none-eabi/lib/thumb/v7e-m+fp/hard/libc.a(lib_a-lock.o)
                0x0000000008018a50                __retarget_lock_try_acquire_recursive
 .text.__retarget_lock_release
                0x0000000008018a54        0x4 /usr/share/gcc-arm-none-eabi-10.3-2021.10/bin/../lib/gcc/arm-none-eabi/10.3.1/../../../../arm-none-eabi/lib/thumb/v7e-m+fp/hard/libc.a(lib_a-lock.o)
                0x0000000008018a54                __retarget_lock_release
 .text.__retarget_lock_release_recursive
                0x0000000008018a58        0x4 /usr/share/gcc-arm-none-eabi-10.3-2021.10/bin/../lib/gcc/arm-none-eabi/10.3.1/../../../../arm-none-eabi/lib/thumb/v7e-m+fp/hard/libc.a(lib_a-lock.o)
                0x0000000008018a58                __retarget_lock_release_recursive
 .text.__register_exitproc
                0x0000000008018a5c       0x8c /usr/share/gcc-arm-none-eabi-10.3-2021.10/bin/../lib/gcc/arm-none-eabi/10.3.1/../../../../arm-none-eabi/lib/thumb/v7e-m+fp/hard/libc.a(lib_a-__atexit.o)
                0x0000000008018a5c                __register_exitproc
 .text.Reset_Handler
                0x0000000008018ae8       0x50 CMakeFiles/robot-platform.elf.dir/generated/startup_stm32f446xx.s.obj
                0x0000000008018ae8                Reset_Handler
 .text.Default_Handler
                0x0000000008018b38        0x2 CMakeFiles/robot-platform.elf.dir/generated/startup_stm32f446xx.s.obj
                0x0000000008018b38                RTC_Alarm_IRQHandler
                0x0000000008018b38                EXTI2_IRQHandler
                0x0000000008018b38                TIM8_CC_IRQHandler
                0x0000000008018b38                FMPI2C1_EV_IRQHandler
                0x0000000008018b38                SPI4_IRQHandler
                0x0000000008018b38                TIM1_CC_IRQHandler
                0x0000000008018b38                DMA2_Stream5_IRQHandler
                0x0000000008018b38                DMA1_Stream5_IRQHandler
                0x0000000008018b38                PVD_IRQHandler
                0x0000000008018b38                SDIO_IRQHandler
                0x0000000008018b38                TAMP_STAMP_IRQHandler
                0x0000000008018b38                CAN2_RX1_IRQHandler
                0x0000000008018b38                EXTI3_IRQHandler
                0x0000000008018b38                TIM1_UP_TIM10_IRQHandler
                0x0000000008018b38                TIM8_UP_TIM13_IRQHandler
                0x0000000008018b38                I2C3_ER_IRQHandler
                0x0000000008018b38                EXTI0_IRQHandler
                0x0000000008018b38                I2C2_EV_IRQHandler
                0x0000000008018b38                DMA1_Stream2_IRQHandler
                0x0000000008018b38                CAN1_RX0_IRQHandler
                0x0000000008018b38                FPU_IRQHandler
                0x0000000008018b38                OTG_HS_WKUP_IRQHandler
                0x0000000008018b38                CAN2_SCE_IRQHandler
                0x0000000008018b38                DMA2_Stream2_IRQHandler
                0x0000000008018b38                SPI1_IRQHandler
                0x0000000008018b38                TIM6_DAC_IRQHandler
                0x0000000008018b38                TIM1_BRK_TIM9_IRQHandler
                0x0000000008018b38                DCMI_IRQHandler
                0x0000000008018b38                CAN2_RX0_IRQHandler
                0x0000000008018b38                DMA2_Stream3_IRQHandler
                0x0000000008018b38                SAI2_IRQHandler
                0x0000000008018b38                USART6_IRQHandler
                0x0000000008018b38                USART3_IRQHandler
                0x0000000008018b38                CAN1_RX1_IRQHandler
                0x0000000008018b38                UART5_IRQHandler
                0x0000000008018b38                DMA2_Stream0_IRQHandler
                0x0000000008018b38                TIM4_IRQHandler
                0x0000000008018b38                QUADSPI_IRQHandler
                0x0000000008018b38                I2C1_EV_IRQHandler
                0x0000000008018b38                DMA1_Stream6_IRQHandler
                0x0000000008018b38                DMA1_Stream1_IRQHandler
                0x0000000008018b38                UART4_IRQHandler
                0x0000000008018b38                TIM3_IRQHandler
                0x0000000008018b38                RCC_IRQHandler
                0x0000000008018b38                TIM8_BRK_TIM12_IRQHandler
                0x0000000008018b38                Default_Handler
                0x0000000008018b38                CEC_IRQHandler
                0x0000000008018b38                EXTI15_10_IRQHandler
                0x0000000008018b38                ADC_IRQHandler
                0x0000000008018b38                DMA1_Stream7_IRQHandler
                0x0000000008018b38                TIM7_IRQHandler
                0x0000000008018b38                CAN2_TX_IRQHandler
                0x0000000008018b38                TIM5_IRQHandler
                0x0000000008018b38                DMA2_Stream7_IRQHandler
                0x0000000008018b38                I2C3_EV_IRQHandler
                0x0000000008018b38                EXTI9_5_IRQHandler
                0x0000000008018b38                RTC_WKUP_IRQHandler
                0x0000000008018b38                SPDIF_RX_IRQHandler
                0x0000000008018b38                SPI2_IRQHandler
                0x0000000008018b38                OTG_HS_EP1_IN_IRQHandler
                0x0000000008018b38                DMA1_Stream0_IRQHandler
                0x0000000008018b38                CAN1_TX_IRQHandler
                0x0000000008018b38                FMPI2C1_ER_IRQHandler
                0x0000000008018b38                EXTI4_IRQHandler
                0x0000000008018b38                OTG_HS_EP1_OUT_IRQHandler
                0x0000000008018b38                WWDG_IRQHandler
                0x0000000008018b38                TIM2_IRQHandler
                0x0000000008018b38                OTG_FS_WKUP_IRQHandler
                0x0000000008018b38                TIM1_TRG_COM_TIM11_IRQHandler
                0x0000000008018b38                OTG_HS_IRQHandler
                0x0000000008018b38                EXTI1_IRQHandler
                0x0000000008018b38                USART2_IRQHandler
                0x0000000008018b38                I2C2_ER_IRQHandler
                0x0000000008018b38                DMA2_Stream1_IRQHandler
                0x0000000008018b38                CAN1_SCE_IRQHandler
                0x0000000008018b38                FLASH_IRQHandler
                0x0000000008018b38                DMA2_Stream4_IRQHandler
                0x0000000008018b38                USART1_IRQHandler
                0x0000000008018b38                SPI3_IRQHandler
                0x0000000008018b38                DMA1_Stream4_IRQHandler
                0x0000000008018b38                I2C1_ER_IRQHandler
                0x0000000008018b38                FMC_IRQHandler
                0x0000000008018b38                DMA2_Stream6_IRQHandler
                0x0000000008018b38                SAI1_IRQHandler
                0x0000000008018b38                DMA1_Stream3_IRQHandler
 *fill*         0x0000000008018b3a        0x2 
 .text._exit    0x0000000008018b3c        0x4 /usr/share/gcc-arm-none-eabi-10.3-2021.10/bin/../lib/gcc/arm-none-eabi/10.3.1/../../../../arm-none-eabi/lib/thumb/v7e-m+fp/hard/libnosys.a(_exit.o)
                0x0000000008018b3c                _exit
 *(.glue_7)
 .glue_7        0x0000000008018b40        0x0 linker stubs
 *(.glue_7t)
 .glue_7t       0x0000000008018b40        0x0 linker stubs
 *(.eh_frame)
 .eh_frame      0x0000000008018b40        0x0 /usr/share/gcc-arm-none-eabi-10.3-2021.10/bin/../lib/gcc/arm-none-eabi/10.3.1/thumb/v7e-m+fp/hard/crtbegin.o
 .eh_frame      0x0000000008018b40        0x4 /usr/share/gcc-arm-none-eabi-10.3-2021.10/bin/../lib/gcc/arm-none-eabi/10.3.1/thumb/v7e-m+fp/hard/crtend.o
 *(.init)
 .init          0x0000000008018b44        0x4 /usr/share/gcc-arm-none-eabi-10.3-2021.10/bin/../lib/gcc/arm-none-eabi/10.3.1/thumb/v7e-m+fp/hard/crti.o
                0x0000000008018b44                _init
 .init          0x0000000008018b48        0x8 /usr/share/gcc-arm-none-eabi-10.3-2021.10/bin/../lib/gcc/arm-none-eabi/10.3.1/thumb/v7e-m+fp/hard/crtn.o
 *(.fini)
 .fini          0x0000000008018b50        0x4 /usr/share/gcc-arm-none-eabi-10.3-2021.10/bin/../lib/gcc/arm-none-eabi/10.3.1/thumb/v7e-m+fp/hard/crti.o
                0x0000000008018b50                _fini
 .fini          0x0000000008018b54        0x8 /usr/share/gcc-arm-none-eabi-10.3-2021.10/bin/../lib/gcc/arm-none-eabi/10.3.1/thumb/v7e-m+fp/hard/crtn.o
                0x0000000008018b5c                . = ALIGN (0x4)
                0x0000000008018b5c                _etext = .

.vfp11_veneer   0x0000000008018b5c        0x0
 .vfp11_veneer  0x0000000008018b5c        0x0 linker stubs

.v4_bx          0x0000000008018b5c        0x0
 .v4_bx         0x0000000008018b5c        0x0 linker stubs

.iplt           0x0000000008018b5c        0x0
 .iplt          0x0000000008018b5c        0x0 /usr/share/gcc-arm-none-eabi-10.3-2021.10/bin/../lib/gcc/arm-none-eabi/10.3.1/thumb/v7e-m+fp/hard/crtbegin.o

.RamFunc        0x0000000008018b5c       0xc0
 .RamFunc       0x0000000008018b5c       0xc0 CMakeFiles/robot-platform.elf.dir/generated/Drivers/STM32F4xx_HAL_Driver/Src/stm32f4xx_hal_flash_ramfunc.c.obj
                0x0000000008018b5c                HAL_FLASHEx_StopFlashInterfaceClk
                0x0000000008018b8c                HAL_FLASHEx_StartFlashInterfaceClk
                0x0000000008018bbc                HAL_FLASHEx_EnableFlashSleepMode
                0x0000000008018bec                HAL_FLASHEx_DisableFlashSleepMode

.rodata         0x0000000008018c1c       0xd8
                0x0000000008018c1c                . = ALIGN (0x4)
 *(.rodata)
 .rodata        0x0000000008018c1c       0x24 /usr/share/gcc-arm-none-eabi-10.3-2021.10/bin/../lib/gcc/arm-none-eabi/10.3.1/thumb/v7e-m+fp/hard/crtbegin.o
 .rodata        0x0000000008018c40       0x24 CMakeFiles/robot-platform.elf.dir/generated/Core/Src/freertos.c.obj
                0x0000000008018c40                defaultTask_attributes
 .rodata        0x0000000008018c64       0x18 CMakeFiles/robot-platform.elf.dir/generated/Core/Src/system_stm32f4xx.c.obj
                0x0000000008018c64                AHBPrescTable
                0x0000000008018c74                APBPrescTable
 .rodata        0x0000000008018c7c        0x8 CMakeFiles/robot-platform.elf.dir/generated/Drivers/STM32F4xx_HAL_Driver/Src/stm32f4xx_hal_dma.c.obj
 .rodata        0x0000000008018c84       0x24 /usr/share/gcc-arm-none-eabi-10.3-2021.10/bin/../lib/gcc/arm-none-eabi/10.3.1/thumb/v7e-m+fp/hard/crtend.o
 *(.rodata*)
 .rodata._global_impure_ptr
                0x0000000008018ca8        0x4 /usr/share/gcc-arm-none-eabi-10.3-2021.10/bin/../lib/gcc/arm-none-eabi/10.3.1/../../../../arm-none-eabi/lib/thumb/v7e-m+fp/hard/libc.a(lib_a-impure.o)
                0x0000000008018ca8                _global_impure_ptr
 .rodata.str1.4
                0x0000000008018cac       0x1c CMakeFiles/robot-platform.elf.dir/generated/Core/Src/freertos.c.obj
 .rodata.str1.4
                0x0000000008018cc8       0x11 CMakeFiles/robot-platform.elf.dir/generated/Middlewares/Third_Party/FreeRTOS/Source/CMSIS_RTOS_V2/cmsis_os2.c.obj
 *fill*         0x0000000008018cd9        0x3 
 .rodata.str1.4
                0x0000000008018cdc       0x10 CMakeFiles/robot-platform.elf.dir/generated/Middlewares/Third_Party/FreeRTOS/Source/timers.c.obj
 .rodata.str1.4
                0x0000000008018cec        0x5 CMakeFiles/robot-platform.elf.dir/generated/Middlewares/Third_Party/FreeRTOS/Source/tasks.c.obj
                0x0000000008018cf4                . = ALIGN (0x4)
 *fill*         0x0000000008018cf1        0x3 

.ARM.extab      0x0000000008018cf4        0x0
 *(.ARM.extab* .gnu.linkonce.armextab.*)
 .ARM.extab     0x0000000008018cf4        0x0 /usr/share/gcc-arm-none-eabi-10.3-2021.10/bin/../lib/gcc/arm-none-eabi/10.3.1/../../../../arm-none-eabi/lib/thumb/v7e-m+fp/hard/crt0.o
 .ARM.extab     0x0000000008018cf4        0x0 /usr/share/gcc-arm-none-eabi-10.3-2021.10/bin/../lib/gcc/arm-none-eabi/10.3.1/thumb/v7e-m+fp/hard/libgcc.a(_udivmoddi4.o)

.ARM            0x0000000008018cf4        0x8
                0x0000000008018cf4                __exidx_start = .
 *(.ARM.exidx*)
 .ARM.exidx     0x0000000008018cf4        0x8 /usr/share/gcc-arm-none-eabi-10.3-2021.10/bin/../lib/gcc/arm-none-eabi/10.3.1/../../../../arm-none-eabi/lib/thumb/v7e-m+fp/hard/crt0.o
                                         0x10 (size before relaxing)
 .ARM.exidx     0x0000000008018cfc        0x0 /usr/share/gcc-arm-none-eabi-10.3-2021.10/bin/../lib/gcc/arm-none-eabi/10.3.1/thumb/v7e-m+fp/hard/libgcc.a(_udivmoddi4.o)
                                          0x8 (size before relaxing)
                0x0000000008018cfc                __exidx_end = .

.rel.dyn        0x0000000008018cfc        0x0
 .rel.iplt      0x0000000008018cfc        0x0 /usr/share/gcc-arm-none-eabi-10.3-2021.10/bin/../lib/gcc/arm-none-eabi/10.3.1/thumb/v7e-m+fp/hard/crtbegin.o

.preinit_array  0x0000000008018cfc        0x0
                0x0000000008018cfc                PROVIDE (__preinit_array_start = .)
 *(.preinit_array*)
                0x0000000008018cfc                PROVIDE (__preinit_array_end = .)

.init_array     0x0000000008018cfc        0x8
                0x0000000008018cfc                PROVIDE (__init_array_start = .)
 *(SORT_BY_NAME(.init_array.*))
 .init_array.00000
                0x0000000008018cfc        0x4 /usr/share/gcc-arm-none-eabi-10.3-2021.10/bin/../lib/gcc/arm-none-eabi/10.3.1/../../../../arm-none-eabi/lib/thumb/v7e-m+fp/hard/libc.a(lib_a-__call_atexit.o)
 *(.init_array*)
 .init_array    0x0000000008018d00        0x4 /usr/share/gcc-arm-none-eabi-10.3-2021.10/bin/../lib/gcc/arm-none-eabi/10.3.1/thumb/v7e-m+fp/hard/crtbegin.o
                0x0000000008018d04                PROVIDE (__init_array_end = .)

.fini_array     0x0000000008018d04        0x4
                0x0000000008018d04                PROVIDE (__fini_array_start = .)
 *(SORT_BY_NAME(.fini_array.*))
 *(.fini_array*)
 .fini_array    0x0000000008018d04        0x4 /usr/share/gcc-arm-none-eabi-10.3-2021.10/bin/../lib/gcc/arm-none-eabi/10.3.1/thumb/v7e-m+fp/hard/crtbegin.o
                0x0000000008018d08                PROVIDE (__fini_array_end = .)
                0x0000000008018d08                _sidata = LOADADDR (.data)

.data           0x0000000020000000      0x444 load address 0x0000000008018d08
                0x0000000020000000                . = ALIGN (0x4)
                0x0000000020000000                _sdata = .
 *(.data)
 .data          0x0000000020000000        0x0 /usr/share/gcc-arm-none-eabi-10.3-2021.10/bin/../lib/gcc/arm-none-eabi/10.3.1/thumb/v7e-m+fp/hard/crti.o
 .data          0x0000000020000000        0x4 /usr/share/gcc-arm-none-eabi-10.3-2021.10/bin/../lib/gcc/arm-none-eabi/10.3.1/thumb/v7e-m+fp/hard/crtbegin.o
                0x0000000020000000                __dso_handle
 .data          0x0000000020000004        0x0 /usr/share/gcc-arm-none-eabi-10.3-2021.10/bin/../lib/gcc/arm-none-eabi/10.3.1/../../../../arm-none-eabi/lib/thumb/v7e-m+fp/hard/crt0.o
 .data          0x0000000020000004        0x0 /usr/share/gcc-arm-none-eabi-10.3-2021.10/bin/../lib/gcc/arm-none-eabi/10.3.1/../../../../arm-none-eabi/lib/thumb/v7e-m+fp/hard/libc.a(lib_a-exit.o)
 .data          0x0000000020000004        0x0 /usr/share/gcc-arm-none-eabi-10.3-2021.10/bin/../lib/gcc/arm-none-eabi/10.3.1/../../../../arm-none-eabi/lib/thumb/v7e-m+fp/hard/libc.a(lib_a-impure.o)
 .data          0x0000000020000004        0x0 /usr/share/gcc-arm-none-eabi-10.3-2021.10/bin/../lib/gcc/arm-none-eabi/10.3.1/../../../../arm-none-eabi/lib/thumb/v7e-m+fp/hard/libc.a(lib_a-init.o)
 .data          0x0000000020000004        0x0 /usr/share/gcc-arm-none-eabi-10.3-2021.10/bin/../lib/gcc/arm-none-eabi/10.3.1/../../../../arm-none-eabi/lib/thumb/v7e-m+fp/hard/libc.a(lib_a-memset.o)
 .data          0x0000000020000004        0x0 /usr/share/gcc-arm-none-eabi-10.3-2021.10/bin/../lib/gcc/arm-none-eabi/10.3.1/../../../../arm-none-eabi/lib/thumb/v7e-m+fp/hard/libc.a(lib_a-__call_atexit.o)
 .data          0x0000000020000004        0x0 /usr/share/gcc-arm-none-eabi-10.3-2021.10/bin/../lib/gcc/arm-none-eabi/10.3.1/../../../../arm-none-eabi/lib/thumb/v7e-m+fp/hard/libc.a(lib_a-atexit.o)
 .data          0x0000000020000004        0x0 /usr/share/gcc-arm-none-eabi-10.3-2021.10/bin/../lib/gcc/arm-none-eabi/10.3.1/../../../../arm-none-eabi/lib/thumb/v7e-m+fp/hard/libc.a(lib_a-fini.o)
 .data          0x0000000020000004        0x0 /usr/share/gcc-arm-none-eabi-10.3-2021.10/bin/../lib/gcc/arm-none-eabi/10.3.1/../../../../arm-none-eabi/lib/thumb/v7e-m+fp/hard/libc.a(lib_a-lock.o)
 .data          0x0000000020000004        0x0 /usr/share/gcc-arm-none-eabi-10.3-2021.10/bin/../lib/gcc/arm-none-eabi/10.3.1/../../../../arm-none-eabi/lib/thumb/v7e-m+fp/hard/libc.a(lib_a-__atexit.o)
 .data          0x0000000020000004        0x0 CMakeFiles/robot-platform.elf.dir/main.c.obj
 .data          0x0000000020000004        0x0 CMakeFiles/robot-platform.elf.dir/generated/Core/Src/freertos.c.obj
 .data          0x0000000020000004        0x0 CMakeFiles/robot-platform.elf.dir/generated/Core/Src/gpio.c.obj
 .data          0x0000000020000004        0x0 CMakeFiles/robot-platform.elf.dir/generated/Core/Src/i2c.c.obj
 .data          0x0000000020000004        0x0 CMakeFiles/robot-platform.elf.dir/generated/Core/Src/sdio.c.obj
 .data          0x0000000020000004        0x0 CMakeFiles/robot-platform.elf.dir/generated/Core/Src/spi.c.obj
 .data          0x0000000020000004        0x0 CMakeFiles/robot-platform.elf.dir/generated/Core/Src/tim.c.obj
 .data          0x0000000020000004        0x0 CMakeFiles/robot-platform.elf.dir/generated/Core/Src/usart.c.obj
 .data          0x0000000020000004        0x0 CMakeFiles/robot-platform.elf.dir/generated/Core/Src/stm32f4xx_hal_msp.c.obj